Jul 19 17:24:46 darkhorse kernel: pcpu-alloc: [0] 0 1 2 3 
Jul 19 17:24:46 darkhorse kernel: Kernel command line: initrd=\EFI\nixos\0s60bg10x9xgvvf61ncl2bxvxjabnxwp-initrd-linux-6.12.38-initrd.efi init=/nix/store/gq0ywdi42dm6cg0ynf9yi656f8s4nxlm-nixos-system-darkhorse-25.11.20250716.6e98748/init nohibernate loglevel=4 lsm=landlock,yama,bpf
Jul 19 17:24:46 darkhorse kernel: Dentry cache hash table entries: 2097152 (order: 12, 16777216 bytes, linear)
Jul 19 17:24:46 darkhorse kernel: Inode-cache hash table entries: 1048576 (order: 11, 8388608 bytes, linear)
Jul 19 17:24:46 darkhorse kernel: Fallback order for Node 0: 0 
Jul 19 17:24:46 darkhorse kernel: Built 1 zonelists, mobility grouping on.  Total pages: 4179264
Jul 19 17:24:46 darkhorse kernel: Policy zone: Normal
Jul 19 17:24:46 darkhorse kernel: mem auto-init: stack:all(zero), heap alloc:on, heap free:off
Jul 19 17:24:46 darkhorse kernel: software IO TLB: area num 4.
Jul 19 17:24:46 darkhorse kernel: SLUB: HWalign=64, Order=0-3, MinObjects=0, CPUs=4, Nodes=1
Jul 19 17:24:46 darkhorse kernel: allocated 33554432 bytes of page_ext
Jul 19 17:24:46 darkhorse kernel: Kernel/User page tables isolation: enabled
Jul 19 17:24:46 darkhorse kernel: ftrace: allocating 46156 entries in 181 pages
Jul 19 17:24:46 darkhorse kernel: ftrace: allocated 181 pages with 5 groups
Jul 19 17:24:46 darkhorse kernel: Dynamic Preempt: voluntary
Jul 19 17:24:46 darkhorse kernel: rcu: Preemptible hierarchical RCU implementation.
Jul 19 17:24:46 darkhorse kernel: rcu:         RCU event tracing is enabled.
Jul 19 17:24:46 darkhorse kernel: rcu:         RCU restricting CPUs from NR_CPUS=384 to nr_cpu_ids=4.
Jul 19 17:24:46 darkhorse kernel:         Trampoline variant of Tasks RCU enabled.
Jul 19 17:24:46 darkhorse kernel:         Rude variant of Tasks RCU enabled.
Jul 19 17:24:46 darkhorse kernel:         Tracing variant of Tasks RCU enabled.
Jul 19 17:24:46 darkhorse kernel: rcu: RCU calculated value of scheduler-enlistment delay is 100 jiffies.
Jul 19 17:24:46 darkhorse kernel: rcu: Adjusting geometry for rcu_fanout_leaf=16, nr_cpu_ids=4
Jul 19 17:24:46 darkhorse kernel: RCU Tasks: Setting shift to 2 and lim to 1 rcu_task_cb_adjust=1 rcu_task_cpu_ids=4.
Jul 19 17:24:46 darkhorse kernel: RCU Tasks Rude: Setting shift to 2 and lim to 1 rcu_task_cb_adjust=1 rcu_task_cpu_ids=4.
Jul 19 17:24:46 darkhorse kernel: RCU Tasks Trace: Setting shift to 2 and lim to 1 rcu_task_cb_adjust=1 rcu_task_cpu_ids=4.
Jul 19 17:24:46 darkhorse kernel: NR_IRQS: 24832, nr_irqs: 1024, preallocated irqs: 16
Jul 19 17:24:46 darkhorse kernel: rcu: srcu_init: Setting srcu_struct sizes based on contention.
Jul 19 17:24:46 darkhorse kernel: kfence: initialized - using 2097152 bytes for 255 objects at 0x(____ptrval____)-0x(____ptrval____)
Jul 19 17:24:46 darkhorse kernel: Console: colour dummy device 80x25
Jul 19 17:24:46 darkhorse kernel: printk: legacy console [tty0] enabled
Jul 19 17:24:46 darkhorse kernel: ACPI: Core revision 20240827
Jul 19 17:24:46 darkhorse kernel: clocksource: hpet: mask: 0xffffffff max_cycles: 0xffffffff, max_idle_ns: 79635855245 ns
Jul 19 17:24:46 darkhorse kernel: APIC: Switch to symmetric I/O mode setup
Jul 19 17:24:46 darkhorse kernel: DMAR: Host address width 39
Jul 19 17:24:46 darkhorse kernel: DMAR: DRHD base: 0x000000fed90000 flags: 0x1
Jul 19 17:24:46 darkhorse kernel: DMAR: dmar0: reg_base_addr fed90000 ver 1:0 cap d2008c40660462 ecap f050da
Jul 19 17:24:46 darkhorse kernel: DMAR: RMRR base: 0x000000ce7dd000 end: 0x000000cea26fff
Jul 19 17:24:46 darkhorse kernel: DMAR-IR: IOAPIC id 2 under DRHD base  0xfed90000 IOMMU 0
Jul 19 17:24:46 darkhorse kernel: DMAR-IR: HPET id 0 under DRHD base 0xfed90000
Jul 19 17:24:46 darkhorse kernel: DMAR-IR: Queued invalidation will be enabled to support x2apic and Intr-remapping.
Jul 19 17:24:46 darkhorse kernel: DMAR-IR: Enabled IRQ remapping in x2apic mode
Jul 19 17:24:46 darkhorse kernel: x2apic enabled
Jul 19 17:24:46 darkhorse kernel: APIC: Switched APIC routing to: cluster x2apic
Jul 19 17:24:46 darkhorse kernel: ..TIMER: vector=0x30 apic1=0 pin1=2 apic2=-1 pin2=-1
Jul 19 17:24:46 darkhorse kernel: clocksource: tsc-early: mask: 0xffffffffffffffff max_cycles: 0x33e452fbb2f, max_idle_ns: 440795236593 ns
Jul 19 17:24:46 darkhorse kernel: Calibrating delay loop (skipped), value calculated using timer frequency.. 7200.00 BogoMIPS (lpj=3600000)
Jul 19 17:24:46 darkhorse kernel: x86/cpu: SGX disabled or unsupported by BIOS.
Jul 19 17:24:46 darkhorse kernel: CPU0: Thermal monitoring enabled (TM1)
Jul 19 17:24:46 darkhorse kernel: Last level iTLB entries: 4KB 128, 2MB 8, 4MB 8
Jul 19 17:24:46 darkhorse kernel: Last level dTLB entries: 4KB 64, 2MB 32, 4MB 32, 1GB 4
Jul 19 17:24:46 darkhorse kernel: process: using mwait in idle threads
Jul 19 17:24:46 darkhorse kernel: Spectre V1 : Mitigation: usercopy/swapgs barriers and __user pointer sanitization
Jul 19 17:24:46 darkhorse kernel: Spectre V2 : Mitigation: IBRS
Jul 19 17:24:46 darkhorse kernel: Spectre V2 : Spectre v2 / SpectreRSB: Filling RSB on context switch and VMEXIT
Jul 19 17:24:46 darkhorse kernel: RETBleed: Mitigation: IBRS
Jul 19 17:24:46 darkhorse kernel: Spectre V2 : mitigation: Enabling conditional Indirect Branch Prediction Barrier
Jul 19 17:24:46 darkhorse kernel: Speculative Store Bypass: Mitigation: Speculative Store Bypass disabled via prctl
Jul 19 17:24:46 darkhorse kernel: MDS: Mitigation: Clear CPU buffers
Jul 19 17:24:46 darkhorse kernel: MMIO Stale Data: Mitigation: Clear CPU buffers
Jul 19 17:24:46 darkhorse kernel: SRBDS: Mitigation: Microcode
Jul 19 17:24:46 darkhorse kernel: GDS: Mitigation: Microcode
Jul 19 17:24:46 darkhorse kernel: x86/fpu: Supporting XSAVE feature 0x001: 'x87 floating point registers'
Jul 19 17:24:46 darkhorse kernel: x86/fpu: Supporting XSAVE feature 0x002: 'SSE registers'
Jul 19 17:24:46 darkhorse kernel: x86/fpu: Supporting XSAVE feature 0x004: 'AVX registers'
Jul 19 17:24:46 darkhorse kernel: x86/fpu: Supporting XSAVE feature 0x008: 'MPX bounds registers'
Jul 19 17:24:46 darkhorse kernel: x86/fpu: Supporting XSAVE feature 0x010: 'MPX CSR'
Jul 19 17:24:46 darkhorse kernel: x86/fpu: xstate_offset[2]:  576, xstate_sizes[2]:  256
Jul 19 17:24:46 darkhorse kernel: x86/fpu: xstate_offset[3]:  832, xstate_sizes[3]:   64
Jul 19 17:24:46 darkhorse kernel: x86/fpu: xstate_offset[4]:  896, xstate_sizes[4]:   64
Jul 19 17:24:46 darkhorse kernel: x86/fpu: Enabled xstate features 0x1f, context size is 960 bytes, using 'compacted' format.
Jul 19 17:24:46 darkhorse kernel: Freeing SMP alternatives memory: 40K
Jul 19 17:24:46 darkhorse kernel: pid_max: default: 32768 minimum: 301
Jul 19 17:24:46 darkhorse kernel: LSM: initializing lsm=capability,landlock,yama,bpf
Jul 19 17:24:46 darkhorse kernel: landlock: Up and running.
Jul 19 17:24:46 darkhorse kernel: Yama: becoming mindful.
Jul 19 17:24:46 darkhorse kernel: LSM support for eBPF active
Jul 19 17:24:46 darkhorse kernel: Mount-cache hash table entries: 32768 (order: 6, 262144 bytes, linear)
Jul 19 17:24:46 darkhorse kernel: Mountpoint-cache hash table entries: 32768 (order: 6, 262144 bytes, linear)
Jul 19 17:24:46 darkhorse kernel: smpboot: CPU0: Intel(R) Core(TM) i3-8100 CPU @ 3.60GHz (family: 0x6, model: 0x9e, stepping: 0xb)
Jul 19 17:24:46 darkhorse kernel: Performance Events: PEBS fmt3+, Skylake events, 32-deep LBR, full-width counters, Intel PMU driver.
Jul 19 17:24:46 darkhorse kernel: ... version:                4
Jul 19 17:24:46 darkhorse kernel: ... bit width:              48
Jul 19 17:24:46 darkhorse kernel: ... generic registers:      8
Jul 19 17:24:46 darkhorse kernel: ... value mask:             0000ffffffffffff
Jul 19 17:24:46 darkhorse kernel: ... max period:             00007fffffffffff
Jul 19 17:24:46 darkhorse kernel: ... fixed-purpose events:   3
Jul 19 17:24:46 darkhorse kernel: ... event mask:             00000007000000ff
Jul 19 17:24:46 darkhorse kernel: signal: max sigframe size: 2032
Jul 19 17:24:46 darkhorse kernel: Estimated ratio of average max frequency by base frequency (times 1024): 1024
Jul 19 17:24:46 darkhorse kernel: rcu: Hierarchical SRCU implementation.
Jul 19 17:24:46 darkhorse kernel: rcu:         Max phase no-delay instances is 400.
Jul 19 17:24:46 darkhorse kernel: Timer migration: 1 hierarchy levels; 8 children per group; 1 crossnode level
Jul 19 17:24:46 darkhorse kernel: NMI watchdog: Enabled. Permanently consumes one hw-PMU counter.
Jul 19 17:24:46 darkhorse kernel: smp: Bringing up secondary CPUs ...
Jul 19 17:24:46 darkhorse kernel: smpboot: x86: Booting SMP configuration:
Jul 19 17:24:46 darkhorse kernel: .... node  #0, CPUs:      #1 #2 #3
Jul 19 17:24:46 darkhorse kernel: smp: Brought up 1 node, 4 CPUs
Jul 19 17:24:46 darkhorse kernel: smpboot: Total of 4 processors activated (28800.00 BogoMIPS)
Jul 19 17:24:46 darkhorse kernel: Memory: 16235832K/16717056K available (18432K kernel code, 2636K rwdata, 13016K rodata, 3432K init, 4612K bss, 436272K reserved, 0K cma-reserved)
Jul 19 17:24:46 darkhorse kernel: devtmpfs: initialized
Jul 19 17:24:46 darkhorse kernel: x86/mm: Memory block size: 128MB
Jul 19 17:24:46 darkhorse kernel: ACPI: PM: Registering ACPI NVS region [mem 0xc5038000-0xc5038fff] (4096 bytes)
Jul 19 17:24:46 darkhorse kernel: ACPI: PM: Registering ACPI NVS region [mem 0xcde90000-0xce34efff] (4976640 bytes)
Jul 19 17:24:46 darkhorse kernel: clocksource: jiffies: mask: 0xffffffff max_cycles: 0xffffffff, max_idle_ns: 1911260446275000 ns
Jul 19 17:24:46 darkhorse kernel: futex hash table entries: 1024 (order: 4, 65536 bytes, linear)
Jul 19 17:24:46 darkhorse kernel: pinctrl core: initialized pinctrl subsystem
Jul 19 17:24:46 darkhorse kernel: PM: RTC time: 14:24:41, date: 2025-07-19
Jul 19 17:24:46 darkhorse kernel: NET: Registered PF_NETLINK/PF_ROUTE protocol family
Jul 19 17:24:46 darkhorse kernel: DMA: preallocated 2048 KiB GFP_KERNEL pool for atomic allocations
Jul 19 17:24:46 darkhorse kernel: DMA: preallocated 2048 KiB GFP_KERNEL|GFP_DMA pool for atomic allocations
Jul 19 17:24:46 darkhorse kernel: DMA: preallocated 2048 KiB GFP_KERNEL|GFP_DMA32 pool for atomic allocations
Jul 19 17:24:46 darkhorse kernel: audit: initializing netlink subsys (disabled)
Jul 19 17:24:46 darkhorse kernel: audit: type=2000 audit(1752935081.047:1): state=initialized audit_enabled=0 res=1
Jul 19 17:24:46 darkhorse kernel: thermal_sys: Registered thermal governor 'bang_bang'
Jul 19 17:24:46 darkhorse kernel: thermal_sys: Registered thermal governor 'step_wise'
Jul 19 17:24:46 darkhorse kernel: thermal_sys: Registered thermal governor 'user_space'
Jul 19 17:24:46 darkhorse kernel: cpuidle: using governor menu
Jul 19 17:24:46 darkhorse kernel: ACPI FADT declares the system doesn't support PCIe ASPM, so disable it
Jul 19 17:24:46 darkhorse kernel: acpiphp: ACPI Hot Plug PCI Controller Driver version: 0.5
Jul 19 17:24:46 darkhorse kernel: PCI: ECAM [mem 0xf8000000-0xfbffffff] (base 0xf8000000) for domain 0000 [bus 00-3f]
Jul 19 17:24:46 darkhorse kernel: PCI: Using configuration type 1 for base access
Jul 19 17:24:46 darkhorse kernel: kprobes: kprobe jump-optimization is enabled. All kprobes are optimized if possible.
Jul 19 17:24:46 darkhorse kernel: HugeTLB: registered 1.00 GiB page size, pre-allocated 0 pages
Jul 19 17:24:46 darkhorse kernel: HugeTLB: 16380 KiB vmemmap can be freed for a 1.00 GiB page
Jul 19 17:24:46 darkhorse kernel: HugeTLB: registered 2.00 MiB page size, pre-allocated 0 pages
Jul 19 17:24:46 darkhorse kernel: HugeTLB: 28 KiB vmemmap can be freed for a 2.00 MiB page
Jul 19 17:24:46 darkhorse kernel: fbcon: Taking over console
Jul 19 17:24:46 darkhorse kernel: ACPI: Added _OSI(Module Device)
Jul 19 17:24:46 darkhorse kernel: ACPI: Added _OSI(Processor Device)
Jul 19 17:24:46 darkhorse kernel: ACPI: Added _OSI(Processor Aggregator Device)
Jul 19 17:24:46 darkhorse kernel: ACPI: 13 ACPI AML tables successfully acquired and loaded
Jul 19 17:24:46 darkhorse kernel: ACPI: Dynamic OEM Table Load:
Jul 19 17:24:46 darkhorse kernel: ACPI: SSDT 0xFFFF8D27435DB400 0003FF (v02 PmRef  Cpu0Cst  00003001 INTL 20160422)
Jul 19 17:24:46 darkhorse kernel: ACPI: Dynamic OEM Table Load:
Jul 19 17:24:46 darkhorse kernel: ACPI: SSDT 0xFFFF8D2743C50800 000738 (v02 PmRef  Cpu0Ist  00003000 INTL 20160422)
Jul 19 17:24:46 darkhorse kernel: ACPI: Dynamic OEM Table Load:
Jul 19 17:24:46 darkhorse kernel: ACPI: SSDT 0xFFFF8D2743D55000 000D14 (v02 PmRef  ApIst    00003000 INTL 20160422)
Jul 19 17:24:46 darkhorse kernel: ACPI: Dynamic OEM Table Load:
Jul 19 17:24:46 darkhorse kernel: ACPI: SSDT 0xFFFF8D27435D9400 000317 (v02 PmRef  ApHwp    00003000 INTL 20160422)
Jul 19 17:24:46 darkhorse kernel: ACPI: Dynamic OEM Table Load:
Jul 19 17:24:46 darkhorse kernel: ACPI: SSDT 0xFFFF8D27435DA400 00030A (v02 PmRef  ApCst    00003000 INTL 20160422)
Jul 19 17:24:46 darkhorse kernel: ACPI: Interpreter enabled
Jul 19 17:24:46 darkhorse kernel: ACPI: PM: (supports S0 S3 S4 S5)
Jul 19 17:24:46 darkhorse kernel: ACPI: Using IOAPIC for interrupt routing
Jul 19 17:24:46 darkhorse kernel: PCI: Using host bridge windows from ACPI; if necessary, use "pci=nocrs" and report a bug
Jul 19 17:24:46 darkhorse kernel: PCI: Using E820 reservations for host bridge windows
Jul 19 17:24:46 darkhorse kernel: ACPI: Enabled 7 GPEs in block 00 to 7F
Jul 19 17:24:46 darkhorse kernel: ACPI: \_SB_.PCI0.PEG0.PG00: New power resource
Jul 19 17:24:46 darkhorse kernel: ACPI: \_SB_.PCI0.PEG1.PG01: New power resource
Jul 19 17:24:46 darkhorse kernel: ACPI: \_SB_.PCI0.PEG2.PG02: New power resource
Jul 19 17:24:46 darkhorse kernel: ACPI: \_TZ_.FN00: New power resource
Jul 19 17:24:46 darkhorse kernel: ACPI: \_TZ_.FN01: New power resource
Jul 19 17:24:46 darkhorse kernel: ACPI: \_TZ_.FN02: New power resource
Jul 19 17:24:46 darkhorse kernel: ACPI: \_TZ_.FN03: New power resource
Jul 19 17:24:46 darkhorse kernel: ACPI: \_TZ_.FN04: New power resource
Jul 19 17:24:46 darkhorse kernel: ACPI: PCI Root Bridge [PCI0] (domain 0000 [bus 00-3e])
Jul 19 17:24:46 darkhorse kernel: acpi PNP0A08:00: _OSC: OS supports [ExtendedConfig ASPM ClockPM Segments MSI HPX-Type3]
Jul 19 17:24:46 darkhorse kernel: acpi PNP0A08:00: _OSC: platform does not support [PCIeHotplug PME]
Jul 19 17:24:46 darkhorse kernel: acpi PNP0A08:00: _OSC: OS now controls [PCIeCapability LTR]
Jul 19 17:24:46 darkhorse kernel: acpi PNP0A08:00: FADT indicates ASPM is unsupported, using BIOS configuration
Jul 19 17:24:46 darkhorse kernel: PCI host bridge to bus 0000:00
Jul 19 17:24:46 darkhorse kernel: pci_bus 0000:00: root bus resource [io  0x0000-0x0cf7 window]
Jul 19 17:24:46 darkhorse kernel: pci_bus 0000:00: root bus resource [io  0x0d00-0xffff window]
Jul 19 17:24:46 darkhorse kernel: pci_bus 0000:00: root bus resource [mem 0x000a0000-0x000bffff window]
Jul 19 17:24:46 darkhorse kernel: pci_bus 0000:00: root bus resource [mem 0xd0000000-0xf7ffffff window]
Jul 19 17:24:46 darkhorse kernel: pci_bus 0000:00: root bus resource [mem 0xfd000000-0xfe7fffff window]
Jul 19 17:24:46 darkhorse kernel: pci_bus 0000:00: root bus resource [bus 00-3e]
Jul 19 17:24:46 darkhorse kernel: pci 0000:00:00.0: [8086:3e1f] type 00 class 0x060000 conventional PCI endpoint
Jul 19 17:24:46 darkhorse kernel: pci 0000:00:01.0: [8086:1901] type 01 class 0x060400 PCIe Root Port
Jul 19 17:24:46 darkhorse kernel: pci 0000:00:01.0: PCI bridge to [bus 01]
Jul 19 17:24:46 darkhorse kernel: pci 0000:00:01.0:   bridge window [io  0xe000-0xefff]
Jul 19 17:24:46 darkhorse kernel: pci 0000:00:01.0:   bridge window [mem 0xf6000000-0xf70fffff]
Jul 19 17:24:46 darkhorse kernel: pci 0000:00:01.0:   bridge window [mem 0xe0000000-0xf20fffff 64bit pref]
Jul 19 17:24:46 darkhorse kernel: pci 0000:00:01.0: PME# supported from D0 D3hot D3cold
Jul 19 17:24:46 darkhorse kernel: pci 0000:00:08.0: [8086:1911] type 00 class 0x088000 conventional PCI endpoint
Jul 19 17:24:46 darkhorse kernel: pci 0000:00:08.0: BAR 0 [mem 0xf714e000-0xf714efff 64bit]
Jul 19 17:24:46 darkhorse kernel: pci 0000:00:14.0: [8086:a2af] type 00 class 0x0c0330 conventional PCI endpoint
Jul 19 17:24:46 darkhorse kernel: pci 0000:00:14.0: BAR 0 [mem 0xf7130000-0xf713ffff 64bit]
Jul 19 17:24:46 darkhorse kernel: pci 0000:00:14.0: PME# supported from D3hot D3cold
Jul 19 17:24:46 darkhorse kernel: pci 0000:00:16.0: [8086:a2ba] type 00 class 0x078000 conventional PCI endpoint
Jul 19 17:24:46 darkhorse kernel: pci 0000:00:16.0: BAR 0 [mem 0xf714d000-0xf714dfff 64bit]
Jul 19 17:24:46 darkhorse kernel: pci 0000:00:16.0: PME# supported from D3hot
Jul 19 17:24:46 darkhorse kernel: pci 0000:00:17.0: [8086:a282] type 00 class 0x010601 conventional PCI endpoint
Jul 19 17:24:46 darkhorse kernel: pci 0000:00:17.0: BAR 0 [mem 0xf7148000-0xf7149fff]
Jul 19 17:24:46 darkhorse kernel: pci 0000:00:17.0: BAR 1 [mem 0xf714c000-0xf714c0ff]
Jul 19 17:24:46 darkhorse kernel: pci 0000:00:17.0: BAR 2 [io  0xf050-0xf057]
Jul 19 17:24:46 darkhorse kernel: pci 0000:00:17.0: BAR 3 [io  0xf040-0xf043]
Jul 19 17:24:46 darkhorse kernel: pci 0000:00:17.0: BAR 4 [io  0xf020-0xf03f]
Jul 19 17:24:46 darkhorse kernel: pci 0000:00:17.0: BAR 5 [mem 0xf714b000-0xf714b7ff]
Jul 19 17:24:46 darkhorse kernel: pci 0000:00:17.0: PME# supported from D3hot
Jul 19 17:24:46 darkhorse kernel: pci 0000:00:1b.0: [8086:a2e9] type 01 class 0x060400 PCIe Root Port
Jul 19 17:24:46 darkhorse kernel: pci 0000:00:1b.0: PCI bridge to [bus 02]
Jul 19 17:24:46 darkhorse kernel: pci 0000:00:1b.0: PME# supported from D0 D3hot D3cold
Jul 19 17:24:46 darkhorse kernel: pci 0000:00:1b.3: [8086:a2ea] type 01 class 0x060400 PCIe Root Port
Jul 19 17:24:46 darkhorse kernel: pci 0000:00:1b.3: PCI bridge to [bus 03]
Jul 19 17:24:46 darkhorse kernel: pci 0000:00:1b.3: PME# supported from D0 D3hot D3cold
Jul 19 17:24:46 darkhorse kernel: pci 0000:00:1b.4: [8086:a2eb] type 01 class 0x060400 PCIe Root Port
Jul 19 17:24:46 darkhorse kernel: pci 0000:00:1b.4: PCI bridge to [bus 04]
Jul 19 17:24:46 darkhorse kernel: pci 0000:00:1b.4: PME# supported from D0 D3hot D3cold
Jul 19 17:24:46 darkhorse kernel: pci 0000:00:1c.0: [8086:a292] type 01 class 0x060400 PCIe Root Port
Jul 19 17:24:46 darkhorse kernel: pci 0000:00:1c.0: PCI bridge to [bus 05]
Jul 19 17:24:46 darkhorse kernel: pci 0000:00:1c.0: PME# supported from D0 D3hot D3cold
Jul 19 17:24:46 darkhorse kernel: pci 0000:00:1c.4: [8086:a294] type 01 class 0x060400 PCIe Root Port
Jul 19 17:24:46 darkhorse kernel: pci 0000:00:1c.4: PCI bridge to [bus 06]
Jul 19 17:24:46 darkhorse kernel: pci 0000:00:1c.4: PME# supported from D0 D3hot D3cold
Jul 19 17:24:46 darkhorse kernel: pci 0000:00:1d.0: [8086:a298] type 01 class 0x060400 PCIe Root Port
Jul 19 17:24:46 darkhorse kernel: pci 0000:00:1d.0: PCI bridge to [bus 07]
Jul 19 17:24:46 darkhorse kernel: pci 0000:00:1d.0: PME# supported from D0 D3hot D3cold
Jul 19 17:24:46 darkhorse kernel: pci 0000:00:1f.0: [8086:a2cc] type 00 class 0x060100 conventional PCI endpoint
Jul 19 17:24:46 darkhorse kernel: pci 0000:00:1f.2: [8086:a2a1] type 00 class 0x058000 conventional PCI endpoint
Jul 19 17:24:46 darkhorse kernel: pci 0000:00:1f.2: BAR 0 [mem 0xf7144000-0xf7147fff]
Jul 19 17:24:46 darkhorse kernel: pci 0000:00:1f.3: [8086:a2f0] type 00 class 0x040300 conventional PCI endpoint
Jul 19 17:24:46 darkhorse kernel: pci 0000:00:1f.3: BAR 0 [mem 0xf7140000-0xf7143fff 64bit]
Jul 19 17:24:46 darkhorse kernel: pci 0000:00:1f.3: BAR 4 [mem 0xf7120000-0xf712ffff 64bit]
Jul 19 17:24:46 darkhorse kernel: pci 0000:00:1f.3: PME# supported from D3hot D3cold
Jul 19 17:24:46 darkhorse kernel: pci 0000:00:1f.4: [8086:a2a3] type 00 class 0x0c0500 conventional PCI endpoint
Jul 19 17:24:46 darkhorse kernel: pci 0000:00:1f.4: BAR 0 [mem 0xf714a000-0xf714a0ff 64bit]
Jul 19 17:24:46 darkhorse kernel: pci 0000:00:1f.4: BAR 4 [io  0xf000-0xf01f]
Jul 19 17:24:46 darkhorse kernel: pci 0000:00:1f.6: [8086:15b8] type 00 class 0x020000 conventional PCI endpoint
Jul 19 17:24:46 darkhorse kernel: pci 0000:00:1f.6: BAR 0 [mem 0xf7100000-0xf711ffff]
Jul 19 17:24:46 darkhorse kernel: pci 0000:00:1f.6: PME# supported from D0 D3hot D3cold
Jul 19 17:24:46 darkhorse kernel: pci 0000:01:00.0: [10de:1f06] type 00 class 0x030000 PCIe Legacy Endpoint
Jul 19 17:24:46 darkhorse kernel: pci 0000:01:00.0: BAR 0 [mem 0xf6000000-0xf6ffffff]
Jul 19 17:24:46 darkhorse kernel: pci 0000:01:00.0: BAR 1 [mem 0xe0000000-0xefffffff 64bit pref]
Jul 19 17:24:46 darkhorse kernel: pci 0000:01:00.0: BAR 3 [mem 0xf0000000-0xf1ffffff 64bit pref]
Jul 19 17:24:46 darkhorse kernel: pci 0000:01:00.0: BAR 5 [io  0xe000-0xe07f]
Jul 19 17:24:46 darkhorse kernel: pci 0000:01:00.0: ROM [mem 0xf7000000-0xf707ffff pref]
Jul 19 17:24:46 darkhorse kernel: pci 0000:01:00.0: Video device with shadowed ROM at [mem 0x000c0000-0x000dffff]
Jul 19 17:24:46 darkhorse kernel: pci 0000:01:00.0: PME# supported from D0 D3hot D3cold
Jul 19 17:24:46 darkhorse kernel: pci 0000:01:00.0: 32.000 Gb/s available PCIe bandwidth, limited by 2.5 GT/s PCIe x16 link at 0000:00:01.0 (capable of 126.016 Gb/s with 8.0 GT/s PCIe x16 link)
Jul 19 17:24:46 darkhorse kernel: pci 0000:01:00.1: [10de:10f9] type 00 class 0x040300 PCIe Endpoint
Jul 19 17:24:46 darkhorse kernel: pci 0000:01:00.1: BAR 0 [mem 0xf7080000-0xf7083fff]
Jul 19 17:24:46 darkhorse kernel: pci 0000:01:00.2: [10de:1ada] type 00 class 0x0c0330 PCIe Endpoint
Jul 19 17:24:46 darkhorse kernel: pci 0000:01:00.2: BAR 0 [mem 0xf2000000-0xf203ffff 64bit pref]
Jul 19 17:24:46 darkhorse kernel: pci 0000:01:00.2: BAR 3 [mem 0xf2040000-0xf204ffff 64bit pref]
Jul 19 17:24:46 darkhorse kernel: pci 0000:01:00.2: PME# supported from D0 D3hot D3cold
Jul 19 17:24:46 darkhorse kernel: pci 0000:01:00.3: [10de:1adb] type 00 class 0x0c8000 PCIe Endpoint
Jul 19 17:24:46 darkhorse kernel: pci 0000:01:00.3: BAR 0 [mem 0xf7084000-0xf7084fff]
Jul 19 17:24:46 darkhorse kernel: pci 0000:01:00.3: PME# supported from D0 D3hot D3cold
Jul 19 17:24:46 darkhorse kernel: pci 0000:00:01.0: PCI bridge to [bus 01]
Jul 19 17:24:46 darkhorse kernel: pci 0000:00:1b.0: PCI bridge to [bus 02]
Jul 19 17:24:46 darkhorse kernel: pci 0000:00:1b.3: PCI bridge to [bus 03]
Jul 19 17:24:46 darkhorse kernel: pci 0000:00:1b.4: PCI bridge to [bus 04]
Jul 19 17:24:46 darkhorse kernel: pci 0000:00:1c.0: PCI bridge to [bus 05]
Jul 19 17:24:46 darkhorse kernel: pci 0000:00:1c.4: PCI bridge to [bus 06]
Jul 19 17:24:46 darkhorse kernel: pci 0000:00:1d.0: PCI bridge to [bus 07]
Jul 19 17:24:46 darkhorse kernel: ACPI: PCI: Interrupt link LNKA configured for IRQ 11
Jul 19 17:24:46 darkhorse kernel: ACPI: PCI: Interrupt link LNKB configured for IRQ 10
Jul 19 17:24:46 darkhorse kernel: ACPI: PCI: Interrupt link LNKC configured for IRQ 11
Jul 19 17:24:46 darkhorse kernel: ACPI: PCI: Interrupt link LNKD configured for IRQ 11
Jul 19 17:24:46 darkhorse kernel: ACPI: PCI: Interrupt link LNKE configured for IRQ 11
Jul 19 17:24:46 darkhorse kernel: ACPI: PCI: Interrupt link LNKF configured for IRQ 11
Jul 19 17:24:46 darkhorse kernel: ACPI: PCI: Interrupt link LNKG configured for IRQ 11
Jul 19 17:24:46 darkhorse kernel: ACPI: PCI: Interrupt link LNKH configured for IRQ 11
Jul 19 17:24:46 darkhorse kernel: iommu: Default domain type: Translated
Jul 19 17:24:46 darkhorse kernel: iommu: DMA domain TLB invalidation policy: lazy mode
Jul 19 17:24:46 darkhorse kernel: ACPI: bus type USB registered
Jul 19 17:24:46 darkhorse kernel: usbcore: registered new interface driver usbfs
Jul 19 17:24:46 darkhorse kernel: usbcore: registered new interface driver hub
Jul 19 17:24:46 darkhorse kernel: usbcore: registered new device driver usb
Jul 19 17:24:46 darkhorse kernel: efivars: Registered efivars operations
Jul 19 17:24:46 darkhorse kernel: NetLabel: Initializing
Jul 19 17:24:46 darkhorse kernel: NetLabel:  domain hash size = 128
Jul 19 17:24:46 darkhorse kernel: NetLabel:  protocols = UNLABELED CIPSOv4 CALIPSO
Jul 19 17:24:46 darkhorse kernel: NetLabel:  unlabeled traffic allowed by default
Jul 19 17:24:46 darkhorse kernel: PCI: Using ACPI for IRQ routing
Jul 19 17:24:46 darkhorse kernel: PCI: pci_cache_line_size set to 64 bytes
Jul 19 17:24:46 darkhorse kernel: e820: reserve RAM buffer [mem 0x00058000-0x0005ffff]
Jul 19 17:24:46 darkhorse kernel: e820: reserve RAM buffer [mem 0x0009f000-0x0009ffff]
Jul 19 17:24:46 darkhorse kernel: e820: reserve RAM buffer [mem 0xbe990018-0xbfffffff]
Jul 19 17:24:46 darkhorse kernel: e820: reserve RAM buffer [mem 0xbe9a1018-0xbfffffff]
Jul 19 17:24:46 darkhorse kernel: e820: reserve RAM buffer [mem 0xc5038000-0xc7ffffff]
Jul 19 17:24:46 darkhorse kernel: e820: reserve RAM buffer [mem 0xc986e000-0xcbffffff]
Jul 19 17:24:46 darkhorse kernel: e820: reserve RAM buffer [mem 0xca341000-0xcbffffff]
Jul 19 17:24:46 darkhorse kernel: e820: reserve RAM buffer [mem 0xcd9a4000-0xcfffffff]
Jul 19 17:24:46 darkhorse kernel: e820: reserve RAM buffer [mem 0xcefff000-0xcfffffff]
Jul 19 17:24:46 darkhorse kernel: e820: reserve RAM buffer [mem 0x42f000000-0x42fffffff]
Jul 19 17:24:46 darkhorse kernel: pci 0000:01:00.0: vgaarb: setting as boot VGA device
Jul 19 17:24:46 darkhorse kernel: pci 0000:01:00.0: vgaarb: bridge control possible
Jul 19 17:24:46 darkhorse kernel: pci 0000:01:00.0: vgaarb: VGA device added: decodes=io+mem,owns=io+mem,locks=none
Jul 19 17:24:46 darkhorse kernel: vgaarb: loaded
Jul 19 17:24:46 darkhorse kernel: hpet0: at MMIO 0xfed00000, IRQs 2, 8, 0, 0, 0, 0, 0, 0
Jul 19 17:24:46 darkhorse kernel: hpet0: 8 comparators, 64-bit 24.000000 MHz counter
Jul 19 17:24:46 darkhorse kernel: clocksource: Switched to clocksource tsc-early
Jul 19 17:24:46 darkhorse kernel: VFS: Disk quotas dquot_6.6.0
Jul 19 17:24:46 darkhorse kernel: VFS: Dquot-cache hash table entries: 512 (order 0, 4096 bytes)
Jul 19 17:24:46 darkhorse kernel: pnp: PnP ACPI init
Jul 19 17:24:46 darkhorse kernel: system 00:00: [mem 0x40000000-0x403fffff] has been reserved
Jul 19 17:24:46 darkhorse kernel: system 00:01: [io  0x0a00-0x0a2f] has been reserved
Jul 19 17:24:46 darkhorse kernel: system 00:01: [io  0x0a30-0x0a3f] has been reserved
Jul 19 17:24:46 darkhorse kernel: system 00:01: [io  0x0a40-0x0a4f] has been reserved
Jul 19 17:24:46 darkhorse kernel: pnp 00:02: [dma 0 disabled]
Jul 19 17:24:46 darkhorse kernel: system 00:03: [io  0x0680-0x069f] has been reserved
Jul 19 17:24:46 darkhorse kernel: system 00:03: [io  0xffff] has been reserved
Jul 19 17:24:46 darkhorse kernel: system 00:03: [io  0xffff] has been reserved
Jul 19 17:24:46 darkhorse kernel: system 00:03: [io  0xffff] has been reserved
Jul 19 17:24:46 darkhorse kernel: system 00:03: [io  0x1800-0x18fe] could not be reserved
Jul 19 17:24:46 darkhorse kernel: system 00:03: [io  0x164e-0x164f] has been reserved
Jul 19 17:24:46 darkhorse kernel: system 00:04: [io  0x0800-0x087f] has been reserved
Jul 19 17:24:46 darkhorse kernel: system 00:05: [mem 0xfed10000-0xfed17fff] has been reserved
Jul 19 17:24:46 darkhorse kernel: system 00:05: [mem 0xfed18000-0xfed18fff] has been reserved
Jul 19 17:24:46 darkhorse kernel: system 00:05: [mem 0xfed19000-0xfed19fff] has been reserved
Jul 19 17:24:46 darkhorse kernel: system 00:05: [mem 0xf8000000-0xfbffffff] has been reserved
Jul 19 17:24:46 darkhorse kernel: system 00:05: [mem 0xfed20000-0xfed3ffff] has been reserved
Jul 19 17:24:46 darkhorse kernel: system 00:05: [mem 0xfed90000-0xfed93fff] could not be reserved
Jul 19 17:24:46 darkhorse kernel: system 00:05: [mem 0xfed45000-0xfed8ffff] has been reserved
Jul 19 17:24:46 darkhorse kernel: system 00:05: [mem 0xff000000-0xffffffff] has been reserved
Jul 19 17:24:46 darkhorse kernel: system 00:05: [mem 0xfee00000-0xfeefffff] could not be reserved
Jul 19 17:24:46 darkhorse kernel: system 00:05: [mem 0xf7fe0000-0xf7ffffff] has been reserved
Jul 19 17:24:46 darkhorse kernel: system 00:06: [mem 0xfd000000-0xfdabffff] has been reserved
Jul 19 17:24:46 darkhorse kernel: system 00:06: [mem 0xfdad0000-0xfdadffff] has been reserved
Jul 19 17:24:46 darkhorse kernel: system 00:06: [mem 0xfdb00000-0xfdffffff] has been reserved
Jul 19 17:24:46 darkhorse kernel: system 00:06: [mem 0xfe000000-0xfe01ffff] could not be reserved
Jul 19 17:24:46 darkhorse kernel: system 00:06: [mem 0xfe036000-0xfe03bfff] has been reserved
Jul 19 17:24:46 darkhorse kernel: system 00:06: [mem 0xfe03d000-0xfe3fffff] has been reserved
Jul 19 17:24:46 darkhorse kernel: system 00:06: [mem 0xfe410000-0xfe7fffff] has been reserved
Jul 19 17:24:46 darkhorse kernel: system 00:07: [io  0xff00-0xfffe] has been reserved
Jul 19 17:24:46 darkhorse kernel: system 00:08: [mem 0xfdaf0000-0xfdafffff] has been reserved
Jul 19 17:24:46 darkhorse kernel: system 00:08: [mem 0xfdae0000-0xfdaeffff] has been reserved
Jul 19 17:24:46 darkhorse kernel: system 00:08: [mem 0xfdac0000-0xfdacffff] has been reserved
Jul 19 17:24:46 darkhorse kernel: pnp: PnP ACPI: found 9 devices
Jul 19 17:24:46 darkhorse kernel: clocksource: acpi_pm: mask: 0xffffff max_cycles: 0xffffff, max_idle_ns: 2085701024 ns
Jul 19 17:24:46 darkhorse kernel: NET: Registered PF_INET protocol family
Jul 19 17:24:46 darkhorse kernel: IP idents hash table entries: 262144 (order: 9, 2097152 bytes, linear)
Jul 19 17:24:46 darkhorse kernel: tcp_listen_portaddr_hash hash table entries: 8192 (order: 5, 131072 bytes, linear)
Jul 19 17:24:46 darkhorse kernel: Table-perturb hash table entries: 65536 (order: 6, 262144 bytes, linear)
Jul 19 17:24:46 darkhorse kernel: TCP established hash table entries: 131072 (order: 8, 1048576 bytes, linear)
Jul 19 17:24:46 darkhorse kernel: TCP bind hash table entries: 65536 (order: 9, 2097152 bytes, linear)
Jul 19 17:24:46 darkhorse kernel: TCP: Hash tables configured (established 131072 bind 65536)
Jul 19 17:24:46 darkhorse kernel: MPTCP token hash table entries: 16384 (order: 6, 393216 bytes, linear)
Jul 19 17:24:46 darkhorse kernel: UDP hash table entries: 8192 (order: 6, 262144 bytes, linear)
Jul 19 17:24:46 darkhorse kernel: UDP-Lite hash table entries: 8192 (order: 6, 262144 bytes, linear)
Jul 19 17:24:46 darkhorse kernel: NET: Registered PF_UNIX/PF_LOCAL protocol family
Jul 19 17:24:46 darkhorse kernel: NET: Registered PF_XDP protocol family
Jul 19 17:24:46 darkhorse kernel: pci 0000:00:01.0: PCI bridge to [bus 01]
Jul 19 17:24:46 darkhorse kernel: pci 0000:00:01.0:   bridge window [io  0xe000-0xefff]
Jul 19 17:24:46 darkhorse kernel: pci 0000:00:01.0:   bridge window [mem 0xf6000000-0xf70fffff]
Jul 19 17:24:46 darkhorse kernel: pci 0000:00:01.0:   bridge window [mem 0xe0000000-0xf20fffff 64bit pref]
Jul 19 17:24:46 darkhorse kernel: pci 0000:00:1b.0: PCI bridge to [bus 02]
Jul 19 17:24:46 darkhorse kernel: pci 0000:00:1b.3: PCI bridge to [bus 03]
Jul 19 17:24:46 darkhorse kernel: pci 0000:00:1b.4: PCI bridge to [bus 04]
Jul 19 17:24:46 darkhorse kernel: pci 0000:00:1c.0: PCI bridge to [bus 05]
Jul 19 17:24:46 darkhorse kernel: pci 0000:00:1c.4: PCI bridge to [bus 06]
Jul 19 17:24:46 darkhorse kernel: pci 0000:00:1d.0: PCI bridge to [bus 07]
Jul 19 17:24:46 darkhorse kernel: pci_bus 0000:00: resource 4 [io  0x0000-0x0cf7 window]
Jul 19 17:24:46 darkhorse kernel: pci_bus 0000:00: resource 5 [io  0x0d00-0xffff window]
Jul 19 17:24:46 darkhorse kernel: pci_bus 0000:00: resource 6 [mem 0x000a0000-0x000bffff window]
Jul 19 17:24:46 darkhorse kernel: pci_bus 0000:00: resource 7 [mem 0xd0000000-0xf7ffffff window]
Jul 19 17:24:46 darkhorse kernel: pci_bus 0000:00: resource 8 [mem 0xfd000000-0xfe7fffff window]
Jul 19 17:24:46 darkhorse kernel: pci_bus 0000:01: resource 0 [io  0xe000-0xefff]
Jul 19 17:24:46 darkhorse kernel: pci_bus 0000:01: resource 1 [mem 0xf6000000-0xf70fffff]
Jul 19 17:24:46 darkhorse kernel: pci_bus 0000:01: resource 2 [mem 0xe0000000-0xf20fffff 64bit pref]
Jul 19 17:24:46 darkhorse kernel: pci 0000:01:00.1: extending delay after power-on from D3hot to 20 msec
Jul 19 17:24:46 darkhorse kernel: pci 0000:01:00.1: D0 power state depends on 0000:01:00.0
Jul 19 17:24:46 darkhorse kernel: pci 0000:01:00.2: D0 power state depends on 0000:01:00.0
Jul 19 17:24:46 darkhorse kernel: pci 0000:01:00.3: D0 power state depends on 0000:01:00.0
Jul 19 17:24:46 darkhorse kernel: PCI: CLS 64 bytes, default 64
Jul 19 17:24:46 darkhorse kernel: pci 0000:00:1f.1: [8086:a2a0] type 00 class 0x058000 conventional PCI endpoint
Jul 19 17:24:46 darkhorse kernel: pci 0000:00:1f.1: BAR 0 [mem 0xfd000000-0xfdffffff 64bit]
Jul 19 17:24:46 darkhorse kernel: PCI-DMA: Using software bounce buffering for IO (SWIOTLB)
Jul 19 17:24:46 darkhorse kernel: software IO TLB: mapped [mem 0x00000000ba990000-0x00000000be990000] (64MB)
Jul 19 17:24:46 darkhorse kernel: Trying to unpack rootfs image as initramfs...
Jul 19 17:24:46 darkhorse kernel: platform rtc_cmos: registered platform RTC device (no PNP device found)
Jul 19 17:24:46 darkhorse kernel: Initialise system trusted keyrings
Jul 19 17:24:46 darkhorse kernel: workingset: timestamp_bits=40 max_order=22 bucket_order=0
Jul 19 17:24:46 darkhorse kernel: Key type asymmetric registered
Jul 19 17:24:46 darkhorse kernel: Asymmetric key parser 'x509' registered
Jul 19 17:24:46 darkhorse kernel: Block layer SCSI generic (bsg) driver version 0.4 loaded (major 251)
Jul 19 17:24:46 darkhorse kernel: io scheduler mq-deadline registered
Jul 19 17:24:46 darkhorse kernel: io scheduler kyber registered
Jul 19 17:24:46 darkhorse kernel: Serial: 8250/16550 driver, 4 ports, IRQ sharing enabled
Jul 19 17:24:46 darkhorse kernel: 00:02: ttyS0 at I/O 0x3f8 (irq = 4, base_baud = 115200) is a 16550A
Jul 19 17:24:46 darkhorse kernel: Linux agpgart interface v0.103
Jul 19 17:24:46 darkhorse kernel: ACPI: bus type drm_connector registered
Jul 19 17:24:46 darkhorse kernel: usbcore: registered new interface driver usbserial_generic
Jul 19 17:24:46 darkhorse kernel: usbserial: USB Serial support registered for generic
Jul 19 17:24:46 darkhorse kernel: intel_pstate: Intel P-state driver initializing
Jul 19 17:24:46 darkhorse kernel: intel_pstate: Disabling energy efficiency optimization
Jul 19 17:24:46 darkhorse kernel: intel_pstate: HWP enabled
Jul 19 17:24:46 darkhorse kernel: Relocating firmware framebuffer to offset 0x0000000001000000[d] within [mem 0xf0000000-0xf1ffffff flags 0x14220c]
Jul 19 17:24:46 darkhorse kernel: simple-framebuffer simple-framebuffer.0: [drm] Registered 1 planes with drm panic
Jul 19 17:24:46 darkhorse kernel: [drm] Initialized simpledrm 1.0.0 for simple-framebuffer.0 on minor 0
Jul 19 17:24:46 darkhorse kernel: Console: switching to colour frame buffer device 128x48
Jul 19 17:24:46 darkhorse kernel: simple-framebuffer simple-framebuffer.0: [drm] fb0: simpledrmdrmfb frame buffer device
Jul 19 17:24:46 darkhorse kernel: drop_monitor: Initializing network drop monitor service
Jul 19 17:24:46 darkhorse kernel: NET: Registered PF_INET6 protocol family
Jul 19 17:24:46 darkhorse kernel: Freeing initrd memory: 30600K
Jul 19 17:24:46 darkhorse kernel: Segment Routing with IPv6
Jul 19 17:24:46 darkhorse kernel: In-situ OAM (IOAM) with IPv6
Jul 19 17:24:46 darkhorse kernel: microcode: Current revision: 0x000000f6
Jul 19 17:24:46 darkhorse kernel: microcode: Updated early from: 0x000000b4
Jul 19 17:24:46 darkhorse kernel: IPI shorthand broadcast: enabled
Jul 19 17:24:46 darkhorse kernel: sched_clock: Marking stable (915001136, 3484496)->(921384376, -2898744)
Jul 19 17:24:46 darkhorse kernel: registered taskstats version 1
Jul 19 17:24:46 darkhorse kernel: Loading compiled-in X.509 certificates
Jul 19 17:24:46 darkhorse kernel: Demotion targets for Node 0: null
Jul 19 17:24:46 darkhorse kernel: Key type .fscrypt registered
Jul 19 17:24:46 darkhorse kernel: Key type fscrypt-provisioning registered
Jul 19 17:24:46 darkhorse kernel: PM:   Magic number: 1:294:435
Jul 19 17:24:46 darkhorse kernel: RAS: Correctable Errors collector initialized.
Jul 19 17:24:46 darkhorse kernel: clk: Disabling unused clocks
Jul 19 17:24:46 darkhorse kernel: PM: genpd: Disabling unused power domains
Jul 19 17:24:46 darkhorse kernel: Freeing unused decrypted memory: 2028K
Jul 19 17:24:46 darkhorse kernel: Freeing unused kernel image (initmem) memory: 3432K
Jul 19 17:24:46 darkhorse kernel: Write protecting the kernel read-only data: 32768k
Jul 19 17:24:46 darkhorse kernel: Freeing unused kernel image (rodata/data gap) memory: 1320K
Jul 19 17:24:46 darkhorse kernel: x86/mm: Checked W+X mappings: passed, no W+X pages found.
Jul 19 17:24:46 darkhorse kernel: x86/mm: Checking user space page tables
Jul 19 17:24:46 darkhorse kernel: x86/mm: Checked W+X mappings: passed, no W+X pages found.
Jul 19 17:24:46 darkhorse kernel: Run /init as init process
Jul 19 17:24:46 darkhorse kernel:   with arguments:
Jul 19 17:24:46 darkhorse kernel:     /init
Jul 19 17:24:46 darkhorse kernel:   with environment:
Jul 19 17:24:46 darkhorse kernel:     HOME=/
Jul 19 17:24:46 darkhorse kernel:     TERM=linux
Jul 19 17:24:46 darkhorse stage-1-init: [Sat Jul 19 14:24:41 UTC 2025] loading module dm_mod...
Jul 19 17:24:46 darkhorse kernel: device-mapper: ioctl: 4.48.0-ioctl (2023-03-01) initialised: dm-devel@lists.linux.dev
Jul 19 17:24:46 darkhorse stage-1-init: [Sat Jul 19 14:24:41 UTC 2025] loading module zfs...
Jul 19 17:24:46 darkhorse kernel: spl: loading out-of-tree module taints kernel.
Jul 19 17:24:46 darkhorse kernel: zfs: module license 'CDDL' taints kernel.
Jul 19 17:24:46 darkhorse kernel: Disabling lock debugging due to kernel taint
Jul 19 17:24:46 darkhorse kernel: zfs: module license taints kernel.
Jul 19 17:24:46 darkhorse kernel: tsc: Refined TSC clocksource calibration: 3599.999 MHz
Jul 19 17:24:46 darkhorse kernel: clocksource: tsc: mask: 0xffffffffffffffff max_cycles: 0x33e4525366a, max_idle_ns: 440795257657 ns
Jul 19 17:24:46 darkhorse kernel: clocksource: Switched to clocksource tsc
Jul 19 17:24:46 darkhorse kernel: ZFS: Loaded module v2.3.3-1, ZFS pool version 5000, ZFS filesystem version 5
Jul 19 17:24:46 darkhorse stage-1-init: [Sat Jul 19 14:24:43 UTC 2025] running udev...
Jul 19 17:24:46 darkhorse stage-1-init: [Sat Jul 19 14:24:43 UTC 2025] Starting systemd-udevd version 257.6
Jul 19 17:24:46 darkhorse kernel: SCSI subsystem initialized
Jul 19 17:24:46 darkhorse kernel: xhci_hcd 0000:00:14.0: xHCI Host Controller
Jul 19 17:24:46 darkhorse kernel: xhci_hcd 0000:00:14.0: new USB bus registered, assigned bus number 1
Jul 19 17:24:46 darkhorse kernel: xhci_hcd 0000:00:14.0: hcc params 0x200077c1 hci version 0x100 quirks 0x0000000000009810
Jul 19 17:24:46 darkhorse kernel: xhci_hcd 0000:00:14.0: xHCI Host Controller
Jul 19 17:24:46 darkhorse kernel: xhci_hcd 0000:00:14.0: new USB bus registered, assigned bus number 2
Jul 19 17:24:46 darkhorse kernel: xhci_hcd 0000:00:14.0: Host supports USB 3.0 SuperSpeed
Jul 19 17:24:46 darkhorse kernel: usb usb1: New USB device found, idVendor=1d6b, idProduct=0002, bcdDevice= 6.12
Jul 19 17:24:46 darkhorse kernel: usb usb1: New USB device strings: Mfr=3, Product=2, SerialNumber=1
Jul 19 17:24:46 darkhorse kernel: usb usb1: Product: xHCI Host Controller
Jul 19 17:24:46 darkhorse kernel: usb usb1: Manufacturer: Linux 6.12.38 xhci-hcd
Jul 19 17:24:46 darkhorse kernel: usb usb1: SerialNumber: 0000:00:14.0
Jul 19 17:24:46 darkhorse kernel: hub 1-0:1.0: USB hub found
Jul 19 17:24:46 darkhorse kernel: hub 1-0:1.0: 16 ports detected
Jul 19 17:24:46 darkhorse kernel: usb usb2: New USB device found, idVendor=1d6b, idProduct=0003, bcdDevice= 6.12
Jul 19 17:24:46 darkhorse kernel: usb usb2: New USB device strings: Mfr=3, Product=2, SerialNumber=1
Jul 19 17:24:46 darkhorse kernel: usb usb2: Product: xHCI Host Controller
Jul 19 17:24:46 darkhorse kernel: usb usb2: Manufacturer: Linux 6.12.38 xhci-hcd
Jul 19 17:24:46 darkhorse kernel: usb usb2: SerialNumber: 0000:00:14.0
Jul 19 17:24:46 darkhorse kernel: hub 2-0:1.0: USB hub found
Jul 19 17:24:46 darkhorse kernel: hub 2-0:1.0: 8 ports detected
Jul 19 17:24:46 darkhorse kernel: xhci_hcd 0000:01:00.2: xHCI Host Controller
Jul 19 17:24:46 darkhorse kernel: xhci_hcd 0000:01:00.2: new USB bus registered, assigned bus number 3
Jul 19 17:24:46 darkhorse kernel: xhci_hcd 0000:01:00.2: hcc params 0x0180ff05 hci version 0x110 quirks 0x0000000000000010
Jul 19 17:24:46 darkhorse kernel: xhci_hcd 0000:01:00.2: xHCI Host Controller
Jul 19 17:24:46 darkhorse kernel: xhci_hcd 0000:01:00.2: new USB bus registered, assigned bus number 4
Jul 19 17:24:46 darkhorse kernel: xhci_hcd 0000:01:00.2: Host supports USB 3.1 Enhanced SuperSpeed
Jul 19 17:24:46 darkhorse kernel: usb usb3: New USB device found, idVendor=1d6b, idProduct=0002, bcdDevice= 6.12
Jul 19 17:24:46 darkhorse kernel: usb usb3: New USB device strings: Mfr=3, Product=2, SerialNumber=1
Jul 19 17:24:46 darkhorse kernel: usb usb3: Product: xHCI Host Controller
Jul 19 17:24:46 darkhorse kernel: usb usb3: Manufacturer: Linux 6.12.38 xhci-hcd
Jul 19 17:24:46 darkhorse kernel: usb usb3: SerialNumber: 0000:01:00.2
Jul 19 17:24:46 darkhorse kernel: hub 3-0:1.0: USB hub found
Jul 19 17:24:46 darkhorse kernel: hub 3-0:1.0: 2 ports detected
Jul 19 17:24:46 darkhorse kernel: usb usb4: We don't know the algorithms for LPM for this host, disabling LPM.
Jul 19 17:24:46 darkhorse kernel: usb usb4: New USB device found, idVendor=1d6b, idProduct=0003, bcdDevice= 6.12
Jul 19 17:24:46 darkhorse kernel: usb usb4: New USB device strings: Mfr=3, Product=2, SerialNumber=1
Jul 19 17:24:46 darkhorse kernel: usb usb4: Product: xHCI Host Controller
Jul 19 17:24:46 darkhorse kernel: usb usb4: Manufacturer: Linux 6.12.38 xhci-hcd
Jul 19 17:24:46 darkhorse kernel: usb usb4: SerialNumber: 0000:01:00.2
Jul 19 17:24:46 darkhorse kernel: hub 4-0:1.0: USB hub found
Jul 19 17:24:46 darkhorse kernel: hub 4-0:1.0: 4 ports detected
Jul 19 17:24:46 darkhorse kernel: libata version 3.00 loaded.
Jul 19 17:24:46 darkhorse kernel: ahci 0000:00:17.0: version 3.0
Jul 19 17:24:46 darkhorse kernel: ahci 0000:00:17.0: AHCI vers 0001.0301, 32 command slots, 6 Gbps, SATA mode
Jul 19 17:24:46 darkhorse kernel: ahci 0000:00:17.0: 6/6 ports implemented (port mask 0x3f)
Jul 19 17:24:46 darkhorse kernel: ahci 0000:00:17.0: flags: 64bit ncq sntf led clo only pio slum part ems deso sadm sds apst 
Jul 19 17:24:46 darkhorse kernel: scsi host0: ahci
Jul 19 17:24:46 darkhorse kernel: scsi host1: ahci
Jul 19 17:24:46 darkhorse kernel: scsi host2: ahci
Jul 19 17:24:46 darkhorse kernel: scsi host3: ahci
Jul 19 17:24:46 darkhorse kernel: scsi host4: ahci
Jul 19 17:24:46 darkhorse kernel: scsi host5: ahci
Jul 19 17:24:46 darkhorse kernel: ata1: SATA max UDMA/133 abar m2048@0xf714b000 port 0xf714b100 irq 133 lpm-pol 3
Jul 19 17:24:46 darkhorse kernel: ata2: SATA max UDMA/133 abar m2048@0xf714b000 port 0xf714b180 irq 133 lpm-pol 3
Jul 19 17:24:46 darkhorse kernel: ata3: SATA max UDMA/133 abar m2048@0xf714b000 port 0xf714b200 irq 133 lpm-pol 3
Jul 19 17:24:46 darkhorse kernel: ata4: SATA max UDMA/133 abar m2048@0xf714b000 port 0xf714b280 irq 133 lpm-pol 3
Jul 19 17:24:46 darkhorse kernel: ata5: SATA max UDMA/133 abar m2048@0xf714b000 port 0xf714b300 irq 133 lpm-pol 3
Jul 19 17:24:46 darkhorse kernel: ata6: SATA max UDMA/133 abar m2048@0xf714b000 port 0xf714b380 irq 133 lpm-pol 3
Jul 19 17:24:46 darkhorse kernel: usb 1-1: new full-speed USB device number 2 using xhci_hcd
Jul 19 17:24:46 darkhorse kernel: ata6: SATA link down (SStatus 4 SControl 300)
Jul 19 17:24:46 darkhorse kernel: ata4: SATA link down (SStatus 4 SControl 300)
Jul 19 17:24:46 darkhorse kernel: ata1: SATA link down (SStatus 4 SControl 300)
Jul 19 17:24:46 darkhorse kernel: ata5: SATA link up 6.0 Gbps (SStatus 133 SControl 300)
Jul 19 17:24:46 darkhorse kernel: ata3: SATA link down (SStatus 4 SControl 300)
Jul 19 17:24:46 darkhorse kernel: ata5.00: Model 'Samsung SSD 860 EVO 500GB', rev 'RVT03B6Q', applying quirks: noncqtrim zeroaftertrim noncqonati nolpmonati
Jul 19 17:24:46 darkhorse kernel: ACPI BIOS Error (bug): Could not resolve symbol [\_SB.PCI0.SAT0.PRT4._GTF.DSSP], AE_NOT_FOUND (20240827/psargs-332)
Jul 19 17:24:46 darkhorse kernel: ACPI Error: Aborting method \_SB.PCI0.SAT0.PRT4._GTF due to previous error (AE_NOT_FOUND) (20240827/psparse-529)
Jul 19 17:24:46 darkhorse kernel: ata5.00: supports DRM functions and may not be fully accessible
Jul 19 17:24:46 darkhorse kernel: ata5.00: ATA-11: Samsung SSD 860 EVO 500GB, RVT03B6Q, max UDMA/133
Jul 19 17:24:46 darkhorse kernel: ata5.00: 976773168 sectors, multi 1: LBA48 NCQ (depth 32), AA
Jul 19 17:24:46 darkhorse kernel: ata5.00: Features: Trust Dev-Sleep NCQ-sndrcv
Jul 19 17:24:46 darkhorse kernel: ACPI BIOS Error (bug): Could not resolve symbol [\_SB.PCI0.SAT0.PRT4._GTF.DSSP], AE_NOT_FOUND (20240827/psargs-332)
Jul 19 17:24:46 darkhorse kernel: ACPI Error: Aborting method \_SB.PCI0.SAT0.PRT4._GTF due to previous error (AE_NOT_FOUND) (20240827/psparse-529)
Jul 19 17:24:46 darkhorse kernel: ata5.00: supports DRM functions and may not be fully accessible
Jul 19 17:24:46 darkhorse kernel: ata2: SATA link down (SStatus 4 SControl 300)
Jul 19 17:24:46 darkhorse kernel: ata5.00: configured for UDMA/133
Jul 19 17:24:46 darkhorse kernel: ahci 0000:00:17.0: port does not support device sleep
Jul 19 17:24:46 darkhorse kernel: scsi 4:0:0:0: Direct-Access     ATA      Samsung SSD 860  3B6Q PQ: 0 ANSI: 5
Jul 19 17:24:46 darkhorse kernel: ata5.00: Enabling discard_zeroes_data
Jul 19 17:24:46 darkhorse kernel: sd 4:0:0:0: [sda] 976773168 512-byte logical blocks: (500 GB/466 GiB)
Jul 19 17:24:46 darkhorse kernel: sd 4:0:0:0: [sda] Write Protect is off
Jul 19 17:24:46 darkhorse kernel: sd 4:0:0:0: [sda] Mode Sense: 00 3a 00 00
Jul 19 17:24:46 darkhorse kernel: sd 4:0:0:0: [sda] Write cache: enabled, read cache: enabled, doesn't support DPO or FUA
Jul 19 17:24:46 darkhorse kernel: sd 4:0:0:0: [sda] Preferred minimum I/O size 512 bytes
Jul 19 17:24:46 darkhorse kernel: ata5.00: Enabling discard_zeroes_data
Jul 19 17:24:46 darkhorse kernel: usb 1-1: New USB device found, idVendor=04d9, idProduct=fc2a, bcdDevice= 1.20
Jul 19 17:24:46 darkhorse kernel: usb 1-1: New USB device strings: Mfr=0, Product=2, SerialNumber=0
Jul 19 17:24:46 darkhorse kernel: usb 1-1: Product: USB Gaming Mouse
Jul 19 17:24:46 darkhorse kernel:  sda: sda1 sda2 sda3 sda4 sda5 sda6 sda7
Jul 19 17:24:46 darkhorse kernel: sd 4:0:0:0: [sda] supports TCG Opal
Jul 19 17:24:46 darkhorse kernel: sd 4:0:0:0: [sda] Attached SCSI disk
Jul 19 17:24:46 darkhorse kernel: hid: raw HID events driver (C) Jiri Kosina
Jul 19 17:24:46 darkhorse kernel: usbcore: registered new interface driver usbhid
Jul 19 17:24:46 darkhorse kernel: usbhid: USB HID core driver
Jul 19 17:24:46 darkhorse kernel: input: USB Gaming Mouse as /devices/pci0000:00/0000:00:14.0/usb1/1-1/1-1:1.0/0003:04D9:FC2A.0001/input/input0
Jul 19 17:24:46 darkhorse kernel: hid-generic 0003:04D9:FC2A.0001: input,hidraw0: USB HID v1.10 Mouse [USB Gaming Mouse] on usb-0000:00:14.0-1/input0
Jul 19 17:24:46 darkhorse kernel: input: USB Gaming Mouse as /devices/pci0000:00/0000:00:14.0/usb1/1-1/1-1:1.1/0003:04D9:FC2A.0002/input/input1
Jul 19 17:24:46 darkhorse kernel: hid-generic 0003:04D9:FC2A.0002: input,hidraw1: USB HID v1.10 Keyboard [USB Gaming Mouse] on usb-0000:00:14.0-1/input1
Jul 19 17:24:46 darkhorse kernel: input: USB Gaming Mouse Consumer Control as /devices/pci0000:00/0000:00:14.0/usb1/1-1/1-1:1.2/0003:04D9:FC2A.0003/input/input2
Jul 19 17:24:46 darkhorse kernel: usb 1-5: new full-speed USB device number 3 using xhci_hcd
Jul 19 17:24:46 darkhorse kernel: input: USB Gaming Mouse as /devices/pci0000:00/0000:00:14.0/usb1/1-1/1-1:1.2/0003:04D9:FC2A.0003/input/input3
Jul 19 17:24:46 darkhorse kernel: hid-generic 0003:04D9:FC2A.0003: input,hiddev96,hidraw2: USB HID v1.10 Device [USB Gaming Mouse] on usb-0000:00:14.0-1/input2
Jul 19 17:24:46 darkhorse stage-1-init: [Sat Jul 19 14:24:44 UTC 2025] starting device mapper and LVM...
Jul 19 17:24:46 darkhorse kernel: usb 1-5: New USB device found, idVendor=040b, idProduct=0897, bcdDevice= 0.19
Jul 19 17:24:46 darkhorse kernel: usb 1-5: New USB device strings: Mfr=1, Product=2, SerialNumber=0
Jul 19 17:24:46 darkhorse kernel: usb 1-5: Product: Fuxi-H3
Jul 19 17:24:46 darkhorse kernel: usb 1-5: Manufacturer: XiiSound Technology Corporation
Jul 19 17:24:46 darkhorse kernel: input: XiiSound Technology Corporation Fuxi-H3 as /devices/pci0000:00/0000:00:14.0/usb1/1-5/1-5:1.3/0003:040B:0897.0004/input/input4
Jul 19 17:24:46 darkhorse kernel: input: XiiSound Technology Corporation Fuxi-H3 Consumer Control as /devices/pci0000:00/0000:00:14.0/usb1/1-5/1-5:1.3/0003:040B:0897.0004/input/input5
Jul 19 17:24:46 darkhorse kernel: hid-generic 0003:040B:0897.0004: input,hiddev97,hidraw3: USB HID v1.00 Device [XiiSound Technology Corporation Fuxi-H3] on usb-0000:00:14.0-5/input3
Jul 19 17:24:46 darkhorse kernel: usb 1-6: new full-speed USB device number 4 using xhci_hcd
Jul 19 17:24:46 darkhorse stage-1-init: [Sat Jul 19 14:24:44 UTC 2025] importing root ZFS pool "darkhorse"...
Jul 19 17:24:46 darkhorse kernel: usb 1-6: New USB device found, idVendor=05ac, idProduct=024f, bcdDevice= 1.23
Jul 19 17:24:46 darkhorse kernel: usb 1-6: New USB device strings: Mfr=1, Product=2, SerialNumber=0
Jul 19 17:24:46 darkhorse kernel: usb 1-6: Product: USB DEVICE
Jul 19 17:24:46 darkhorse kernel: usb 1-6: Manufacturer: SONiX
Jul 19 17:24:46 darkhorse kernel: apple 0003:05AC:024F.0005: Non-apple keyboard detected; function keys will default to fnmode=2 behavior
Jul 19 17:24:46 darkhorse kernel: input: SONiX USB DEVICE as /devices/pci0000:00/0000:00:14.0/usb1/1-6/1-6:1.0/0003:05AC:024F.0005/input/input6
Jul 19 17:24:46 darkhorse kernel: apple 0003:05AC:024F.0005: input,hidraw4: USB HID v1.11 Keyboard [SONiX USB DEVICE] on usb-0000:00:14.0-6/input0
Jul 19 17:24:46 darkhorse kernel: apple 0003:05AC:024F.0006: Fn key not found (Apple Wireless Keyboard clone?), disabling Fn key handling
Jul 19 17:24:46 darkhorse kernel: apple 0003:05AC:024F.0006: Non-apple keyboard detected; function keys will default to fnmode=2 behavior
Jul 19 17:24:46 darkhorse kernel: input: SONiX USB DEVICE as /devices/pci0000:00/0000:00:14.0/usb1/1-6/1-6:1.1/0003:05AC:024F.0006/input/input7
Jul 19 17:24:46 darkhorse kernel: apple 0003:05AC:024F.0006: input,hiddev98,hidraw5: USB HID v1.11 Keyboard [SONiX USB DEVICE] on usb-0000:00:14.0-6/input1
Jul 19 17:24:46 darkhorse stage-1-init: [Sat Jul 19 14:24:44 UTC 2025] mounting darkhorse/root on /...
Jul 19 17:24:46 darkhorse stage-1-init: [Sat Jul 19 14:24:44 UTC 2025] mounting darkhorse/nix on /nix...
Jul 19 17:24:46 darkhorse kernel: usb 1-7: new full-speed USB device number 5 using xhci_hcd
Jul 19 17:24:46 darkhorse kernel: usb 1-7: Device not responding to setup address.
Jul 19 17:24:46 darkhorse unknown: booting system configuration /nix/store/gq0ywdi42dm6cg0ynf9yi656f8s4nxlm-nixos-system-darkhorse-25.11.20250716.6e98748
Jul 19 17:24:46 darkhorse stage-2-init: running activation script...
Jul 19 17:24:46 darkhorse kernel: usb 1-7: Device not responding to setup address.
Jul 19 17:24:46 darkhorse stage-2-init: removing group ‘pipewire’
Jul 19 17:24:46 darkhorse stage-2-init: removing group ‘sddm’
Jul 19 17:24:46 darkhorse stage-2-init: removing group ‘polkituser’
Jul 19 17:24:46 darkhorse stage-2-init: removing user ‘polkituser’
Jul 19 17:24:46 darkhorse stage-2-init: removing user ‘sddm’
Jul 19 17:24:46 darkhorse stage-2-init: setting up /etc...
Jul 19 17:24:46 darkhorse stage-2-init: removing obsolete symlink ‘/etc/sddm.conf’...
Jul 19 17:24:46 darkhorse stage-2-init: removing obsolete symlink ‘/etc/pipewire’...
Jul 19 17:24:46 darkhorse stage-2-init: removing obsolete symlink ‘/etc/tmpfiles.d/graphics-driver.conf’...
Jul 19 17:24:46 darkhorse stage-2-init: removing obsolete symlink ‘/etc/tmpfiles.d/sddm.conf’...
Jul 19 17:24:46 darkhorse stage-2-init: removing obsolete symlink ‘/etc/libblockdev/3/conf.d/00-default.cfg’...
Jul 19 17:24:46 darkhorse stage-2-init: removing obsolete symlink ‘/etc/libblockdev/3/conf.d/10-lvm-dbus.cfg’...
Jul 19 17:24:46 darkhorse stage-2-init: removing obsolete symlink ‘/etc/X11/xkb’...
Jul 19 17:24:46 darkhorse stage-2-init: removing obsolete symlink ‘/etc/X11/xorg.conf.d/40-libinput.conf’...
Jul 19 17:24:46 darkhorse stage-2-init: removing obsolete symlink ‘/etc/X11/xorg.conf.d/10-evdev.conf’...
Jul 19 17:24:46 darkhorse stage-2-init: removing obsolete symlink ‘/etc/X11/xorg.conf.d/00-keyboard.conf’...
Jul 19 17:24:46 darkhorse stage-2-init: removing obsolete symlink ‘/etc/alsa/conf.d/50-pipewire.conf’...
Jul 19 17:24:46 darkhorse stage-2-init: removing obsolete symlink ‘/etc/alsa/conf.d/99-pipewire-default.conf’...
Jul 19 17:24:46 darkhorse stage-2-init: removing obsolete symlink ‘/etc/alsa/conf.d/49-pipewire-modules.conf’...
Jul 19 17:24:46 darkhorse stage-2-init: removing obsolete symlink ‘/etc/UPower/UPower.conf’...
Jul 19 17:24:46 darkhorse stage-2-init: removing obsolete symlink ‘/etc/udisks2/udisks2.conf’...
Jul 19 17:24:46 darkhorse stage-2-init: removing obsolete symlink ‘/etc/pam.d/i3lock-color’...
Jul 19 17:24:46 darkhorse stage-2-init: removing obsolete symlink ‘/etc/pam.d/sddm’...
Jul 19 17:24:46 darkhorse stage-2-init: removing obsolete symlink ‘/etc/pam.d/xscreensaver’...
Jul 19 17:24:46 darkhorse stage-2-init: removing obsolete symlink ‘/etc/pam.d/kde’...
Jul 19 17:24:46 darkhorse stage-2-init: removing obsolete symlink ‘/etc/pam.d/xlock’...
Jul 19 17:24:46 darkhorse stage-2-init: removing obsolete symlink ‘/etc/pam.d/polkit-1’...
Jul 19 17:24:46 darkhorse stage-2-init: removing obsolete symlink ‘/etc/pam.d/i3lock’...
Jul 19 17:24:46 darkhorse stage-2-init: removing obsolete symlink ‘/etc/pam.d/sddm-autologin’...
Jul 19 17:24:46 darkhorse stage-2-init: removing obsolete symlink ‘/etc/pam.d/sddm-greeter’...
Jul 19 17:24:46 darkhorse stage-2-init: removing obsolete symlink ‘/etc/polkit-1/rules.d/10-nixos.rules’...
Jul 19 17:24:46 darkhorse kernel: usb 1-7: device not accepting address 5, error -71
Jul 19 17:24:46 darkhorse kernel: usb 1-7: WARN: invalid context state for evaluate context command.
Jul 19 17:24:46 darkhorse systemd[1]: Inserted module 'autofs4'
Jul 19 17:24:46 darkhorse systemd[1]: systemd 257.6 running in system mode (+PAM +AUDIT -SELINUX +APPARMOR +IMA +IPE +SMACK +SECCOMP +GCRYPT -GNUTLS +OPENSSL +ACL +BLKID +CURL +ELFUTILS +FIDO2 +IDN2 -IDN +IPTC +KMOD +LIBCRYPTSETUP +LIBCRYPTSETUP_PLUGINS +LIBFDISK +PCRE2 +PWQUALITY +P11KIT +QRENCODE +TPM2 +BZIP2 +LZ4 +XZ +ZLIB +ZSTD +BPF_FRAMEWORK -BTF -XKBCOMMON +UTMP -SYSVINIT +LIBARCHIVE)
Jul 19 17:24:46 darkhorse systemd[1]: Detected architecture x86-64.
Jul 19 17:24:46 darkhorse systemd[1]: Hostname set to <darkhorse>.
Jul 19 17:24:46 darkhorse systemd[1]: bpf-restrict-fs: LSM BPF program attached
Jul 19 17:24:46 darkhorse systemd-gpt-auto-generator[609]: EFI loader partition unknown, exiting.
Jul 19 17:24:46 darkhorse systemd-gpt-auto-generator[609]: (The boot loader did not set EFI variable LoaderDevicePartUUID.)
Jul 19 17:24:46 darkhorse systemd[1]: Queued start job for default target Multi-User System.
Jul 19 17:24:46 darkhorse systemd[1]: Created slice Slice /system/getty.
Jul 19 17:24:46 darkhorse systemd[1]: Created slice Slice /system/modprobe.
Jul 19 17:24:46 darkhorse systemd[1]: Created slice Slice /system/systemd-fsck.
Jul 19 17:24:46 darkhorse systemd[1]: Created slice User and Session Slice.
Jul 19 17:24:46 darkhorse systemd[1]: Started Dispatch Password Requests to Console Directory Watch.
Jul 19 17:24:46 darkhorse systemd[1]: Started Forward Password Requests to Wall Directory Watch.
Jul 19 17:24:46 darkhorse systemd[1]: Expecting device /dev/disk/by-uuid/4D99-14BA...
Jul 19 17:24:46 darkhorse systemd[1]: Expecting device /dev/disk/by-uuid/bdc7f0a0-daac-4e73-bc32-da6a5fed075e...
Jul 19 17:24:46 darkhorse systemd[1]: Expecting device /dev/tpmrm0...
Jul 19 17:24:46 darkhorse systemd[1]: Reached target Local Encrypted Volumes.
Jul 19 17:24:46 darkhorse systemd[1]: Reached target Containers.
Jul 19 17:24:46 darkhorse systemd[1]: Reached target Path Units.
Jul 19 17:24:46 darkhorse systemd[1]: Reached target Remote File Systems.
Jul 19 17:24:46 darkhorse systemd[1]: Reached target Slice Units.
Jul 19 17:24:46 darkhorse systemd[1]: Reached target ZFS pool import target.
Jul 19 17:24:46 darkhorse systemd[1]: Listening on Process Core Dump Socket.
Jul 19 17:24:46 darkhorse systemd[1]: Listening on Credential Encryption/Decryption.
Jul 19 17:24:46 darkhorse systemd[1]: Listening on Journal Audit Socket.
Jul 19 17:24:46 darkhorse systemd[1]: Listening on Journal Socket (/dev/log).
Jul 19 17:24:46 darkhorse systemd[1]: Listening on Journal Sockets.
Jul 19 17:24:46 darkhorse systemd[1]: Listening on Userspace Out-Of-Memory (OOM) Killer Socket.
Jul 19 17:24:46 darkhorse systemd[1]: Listening on udev Control Socket.
Jul 19 17:24:46 darkhorse systemd[1]: Listening on udev Kernel Socket.
Jul 19 17:24:46 darkhorse systemd[1]: Mounting Huge Pages File System...
Jul 19 17:24:46 darkhorse systemd[1]: Mounting POSIX Message Queue File System...
Jul 19 17:24:46 darkhorse systemd[1]: Mounting Kernel Debug File System...
Jul 19 17:24:46 darkhorse systemd[1]: Mounting Kernel Trace File System...
Jul 19 17:24:46 darkhorse systemd[1]: Starting Create List of Static Device Nodes...
Jul 19 17:24:46 darkhorse systemd[1]: Starting Load Kernel Module configfs...
Jul 19 17:24:46 darkhorse systemd[1]: Starting Load Kernel Module drm...
Jul 19 17:24:46 darkhorse systemd[1]: Starting Load Kernel Module efi_pstore...
Jul 19 17:24:46 darkhorse systemd[1]: Starting Load Kernel Module fuse...
Jul 19 17:24:46 darkhorse systemd[1]: Starting mount-pstore.service...
Jul 19 17:24:46 darkhorse systemd[1]: Clear Stale Hibernate Storage Info was skipped because of an unmet condition check (ConditionPathExists=/sys/firmware/efi/efivars/HibernateLocation-8cf2644b-4b0b-428f-9387-6d876050dc67).
Jul 19 17:24:46 darkhorse systemd[1]: Starting Journal Service...
Jul 19 17:24:46 darkhorse kernel: pstore: Using crash dump compression: deflate
Jul 19 17:24:46 darkhorse systemd[1]: Starting Load Kernel Modules...
Jul 19 17:24:46 darkhorse systemd[1]: Starting Userspace Out-Of-Memory (OOM) Killer...
Jul 19 17:24:46 darkhorse kernel: pstore: Registered efi_pstore as persistent store backend
Jul 19 17:24:46 darkhorse kernel: fuse: init (API version 7.41)
Jul 19 17:24:46 darkhorse systemd[1]: Starting Remount Root and Kernel File Systems...
Jul 19 17:24:46 darkhorse systemd[1]: Starting Coldplug All udev Devices...
Jul 19 17:24:46 darkhorse systemd[1]: Mounted Huge Pages File System.
Jul 19 17:24:46 darkhorse systemd[1]: Mounted POSIX Message Queue File System.
Jul 19 17:24:46 darkhorse systemd[1]: Mounted Kernel Debug File System.
Jul 19 17:24:46 darkhorse systemd[1]: Mounted Kernel Trace File System.
Jul 19 17:24:46 darkhorse systemd[1]: Finished Create List of Static Device Nodes.
Jul 19 17:24:46 darkhorse systemd[1]: modprobe@configfs.service: Deactivated successfully.
Jul 19 17:24:46 darkhorse systemd[1]: Finished Load Kernel Module configfs.
Jul 19 17:24:46 darkhorse systemd[1]: modprobe@drm.service: Deactivated successfully.
Jul 19 17:24:46 darkhorse systemd[1]: Finished Load Kernel Module drm.
Jul 19 17:24:46 darkhorse systemd[1]: modprobe@efi_pstore.service: Deactivated successfully.
Jul 19 17:24:46 darkhorse systemd[1]: Finished Load Kernel Module efi_pstore.
Jul 19 17:24:46 darkhorse systemd-journald[631]: Collecting audit messages is enabled.
Jul 19 17:24:46 darkhorse systemd[1]: modprobe@fuse.service: Deactivated successfully.
Jul 19 17:24:46 darkhorse systemd[1]: Finished Load Kernel Module fuse.
Jul 19 17:24:46 darkhorse systemd[1]: Mounting FUSE Control File System...
Jul 19 17:24:46 darkhorse systemd[1]: Mounting Kernel Configuration File System...
Jul 19 17:24:46 darkhorse systemd[1]: Starting Create Static Device Nodes in /dev gracefully...
Jul 19 17:24:46 darkhorse systemd[1]: Mounted FUSE Control File System.
Jul 19 17:24:46 darkhorse systemd[1]: Mounted Kernel Configuration File System.
Jul 19 17:24:46 darkhorse systemd[1]: Started Userspace Out-Of-Memory (OOM) Killer.
Jul 19 17:24:46 darkhorse kernel: bridge: filtering via arp/ip/ip6tables is no longer available by default. Update your scripts to load br_netfilter if you need this.
Jul 19 17:24:46 darkhorse kernel: usb 1-7: new full-speed USB device number 6 using xhci_hcd
Jul 19 17:24:46 darkhorse systemd[1]: Finished mount-pstore.service.
Jul 19 17:24:46 darkhorse systemd[1]: Finished Create Static Device Nodes in /dev gracefully.
Jul 19 17:24:46 darkhorse systemd[1]: Starting Create Static Device Nodes in /dev...
Jul 19 17:24:46 darkhorse systemd-journald[631]: Journal started
░░ Subject: The journal has been started
░░ Defined-By: systemd
░░ Support: https://lists.freedesktop.org/mailman/listinfo/systemd-devel
░░ 
░░ The system journal process has started up, opened the journal
░░ files for writing and is now ready to process requests.
Jul 19 17:24:46 darkhorse systemd-journald[631]: Runtime Journal (/run/log/journal/743b4f604f39471199752fd9af98b8b9) is 8M, max 398.3M, 390.3M free.
░░ Subject: Disk space used by the journal
░░ Defined-By: systemd
░░ Support: https://lists.freedesktop.org/mailman/listinfo/systemd-devel
░░ 
░░ Runtime Journal (/run/log/journal/743b4f604f39471199752fd9af98b8b9) is currently using 8M.
░░ Maximum allowed usage is set to 398.3M.
░░ Leaving at least 199.1M free (of currently available 3.8G of disk space).
░░ Enforced usage limit is thus 398.3M, of which 390.3M are still available.
░░ 
░░ The limits controlling how much disk space is used by the journal may
░░ be configured with SystemMaxUse=, SystemKeepFree=, SystemMaxFileSize=,
░░ RuntimeMaxUse=, RuntimeKeepFree=, RuntimeMaxFileSize= settings in
░░ /etc/systemd/journald.conf. See journald.conf(5) for details.
Jul 19 17:24:46 darkhorse systemd-modules-load[632]: Inserted module 'atkbd'
Jul 19 17:24:46 darkhorse systemd-oomd[633]: No swap; memory pressure usage will be degraded
Jul 19 17:24:46 darkhorse systemd-modules-load[632]: Inserted module 'bridge'
Jul 19 17:24:46 darkhorse systemd[1]: Started Journal Service.
Jul 19 17:24:46 darkhorse systemd[1]: Finished Create Static Device Nodes in /dev.
░░ Subject: A start job for unit systemd-tmpfiles-setup-dev.service has finished successfully
░░ Defined-By: systemd
░░ Support: https://lists.freedesktop.org/mailman/listinfo/systemd-devel
░░ 
░░ A start job for unit systemd-tmpfiles-setup-dev.service has finished successfully.
░░ 
░░ The job identifier is 44.
Jul 19 17:24:46 darkhorse systemd[1]: Finished Remount Root and Kernel File Systems.
░░ Subject: A start job for unit systemd-remount-fs.service has finished successfully
░░ Defined-By: systemd
░░ Support: https://lists.freedesktop.org/mailman/listinfo/systemd-devel
░░ 
░░ A start job for unit systemd-remount-fs.service has finished successfully.
░░ 
░░ The job identifier is 61.
Jul 19 17:24:46 darkhorse systemd[1]: Reached target Preparation for Local File Systems.
░░ Subject: A start job for unit local-fs-pre.target has finished successfully
░░ Defined-By: systemd
░░ Support: https://lists.freedesktop.org/mailman/listinfo/systemd-devel
░░ 
░░ A start job for unit local-fs-pre.target has finished successfully.
░░ 
░░ The job identifier is 33.
Jul 19 17:24:46 darkhorse systemd[1]: Starting Flush Journal to Persistent Storage...
░░ Subject: A start job for unit systemd-journal-flush.service has begun execution
░░ Defined-By: systemd
░░ Support: https://lists.freedesktop.org/mailman/listinfo/systemd-devel
░░ 
░░ A start job for unit systemd-journal-flush.service has begun execution.
░░ 
░░ The job identifier is 71.
Jul 19 17:24:46 darkhorse systemd[1]: Platform Persistent Storage Archival was skipped because of an unmet condition check (ConditionDirectoryNotEmpty=/sys/fs/pstore).
░░ Subject: A start job for unit systemd-pstore.service has finished successfully
░░ Defined-By: systemd
░░ Support: https://lists.freedesktop.org/mailman/listinfo/systemd-devel
░░ 
░░ A start job for unit systemd-pstore.service has finished successfully.
░░ 
░░ The job identifier is 68.
Jul 19 17:24:46 darkhorse systemd[1]: Starting Load/Save OS Random Seed...
░░ Subject: A start job for unit systemd-random-seed.service has begun execution
░░ Defined-By: systemd
░░ Support: https://lists.freedesktop.org/mailman/listinfo/systemd-devel
░░ 
░░ A start job for unit systemd-random-seed.service has begun execution.
░░ 
░░ The job identifier is 63.
Jul 19 17:24:46 darkhorse systemd[1]: Starting Network Time Synchronization...
░░ Subject: A start job for unit systemd-timesyncd.service has begun execution
░░ Defined-By: systemd
░░ Support: https://lists.freedesktop.org/mailman/listinfo/systemd-devel
░░ 
░░ A start job for unit systemd-timesyncd.service has begun execution.
░░ 
░░ The job identifier is 76.
Jul 19 17:24:46 darkhorse systemd[1]: Starting Rule-based Manager for Device Events and Files...
░░ Subject: A start job for unit systemd-udevd.service has begun execution
░░ Defined-By: systemd
░░ Support: https://lists.freedesktop.org/mailman/listinfo/systemd-devel
░░ 
░░ A start job for unit systemd-udevd.service has begun execution.
░░ 
░░ The job identifier is 7.
Jul 19 17:24:46 darkhorse systemd-modules-load[632]: Inserted module 'kvm_intel'
Jul 19 17:24:46 darkhorse systemd-journald[631]: Time spent on flushing to /var/log/journal/743b4f604f39471199752fd9af98b8b9 is 44.024ms for 887 entries.
Jul 19 17:24:46 darkhorse systemd-journald[631]: System Journal (/var/log/journal/743b4f604f39471199752fd9af98b8b9) is 342.1M, max 4G, 3.6G free.
░░ Subject: Disk space used by the journal
░░ Defined-By: systemd
░░ Support: https://lists.freedesktop.org/mailman/listinfo/systemd-devel
░░ 
░░ System Journal (/var/log/journal/743b4f604f39471199752fd9af98b8b9) is currently using 342.1M.
░░ Maximum allowed usage is set to 4G.
░░ Leaving at least 4G free (of currently available 112.9G of disk space).
░░ Enforced usage limit is thus 4G, of which 3.6G are still available.
░░ 
░░ The limits controlling how much disk space is used by the journal may
░░ be configured with SystemMaxUse=, SystemKeepFree=, SystemMaxFileSize=,
░░ RuntimeMaxUse=, RuntimeKeepFree=, RuntimeMaxFileSize= settings in
░░ /etc/systemd/journald.conf. See journald.conf(5) for details.
Jul 19 17:24:46 darkhorse systemd-journald[631]: Received client request to flush runtime journal.
Jul 19 17:24:46 darkhorse kernel: loop: module loaded
Jul 19 17:24:46 darkhorse kernel: tun: Universal TUN/TAP device driver, 1.6
Jul 19 17:24:46 darkhorse kernel: usb 1-7: New USB device found, idVendor=040b, idProduct=0897, bcdDevice= 0.2a
Jul 19 17:24:46 darkhorse kernel: usb 1-7: New USB device strings: Mfr=1, Product=2, SerialNumber=0
Jul 19 17:24:46 darkhorse kernel: usb 1-7: Product: Fuxi-H3 
Jul 19 17:24:46 darkhorse kernel: usb 1-7: Manufacturer: XiiSound Technology Corporation
Jul 19 17:24:46 darkhorse kernel: input: XiiSound Technology Corporation Fuxi-H3  as /devices/pci0000:00/0000:00:14.0/usb1/1-7/1-7:1.3/0003:040B:0897.0007/input/input8
Jul 19 17:24:46 darkhorse kernel: input: XiiSound Technology Corporation Fuxi-H3  Consumer Control as /devices/pci0000:00/0000:00:14.0/usb1/1-7/1-7:1.3/0003:040B:0897.0007/input/input9
Jul 19 17:24:46 darkhorse kernel: hid-generic 0003:040B:0897.0007: input,hiddev99,hidraw6: USB HID v1.00 Device [XiiSound Technology Corporation Fuxi-H3 ] on usb-0000:00:14.0-7/input3
Jul 19 17:24:46 darkhorse kernel: mc: Linux media interface: v0.10
Jul 19 17:24:46 darkhorse kernel: input: Sleep Button as /devices/LNXSYSTM:00/LNXSYBUS:00/PNP0C0E:00/input/input10
Jul 19 17:24:46 darkhorse kernel: ACPI: button: Sleep Button [SLPB]
Jul 19 17:24:46 darkhorse kernel: input: Power Button as /devices/LNXSYSTM:00/LNXSYBUS:00/PNP0C0C:00/input/input11
Jul 19 17:24:46 darkhorse kernel: ACPI: button: Power Button [PWRB]
Jul 19 17:24:46 darkhorse kernel: input: Power Button as /devices/LNXSYSTM:00/LNXPWRBN:00/input/input12
Jul 19 17:24:46 darkhorse kernel: ACPI: button: Power Button [PWRF]
Jul 19 17:24:46 darkhorse systemd-modules-load[632]: Inserted module 'loop'
Jul 19 17:24:46 darkhorse systemd-modules-load[632]: Inserted module 'macvlan'
Jul 19 17:24:46 darkhorse systemd-modules-load[632]: Inserted module 'tap'
Jul 19 17:24:46 darkhorse systemd-modules-load[632]: Inserted module 'tun'
Jul 19 17:24:46 darkhorse systemd[1]: Finished Load Kernel Modules.
░░ Subject: A start job for unit systemd-modules-load.service has finished successfully
░░ Defined-By: systemd
░░ Support: https://lists.freedesktop.org/mailman/listinfo/systemd-devel
░░ 
░░ A start job for unit systemd-modules-load.service has finished successfully.
░░ 
░░ The job identifier is 42.
Jul 19 17:24:46 darkhorse systemd[1]: Starting Firewall...
░░ Subject: A start job for unit firewall.service has begun execution
░░ Defined-By: systemd
░░ Support: https://lists.freedesktop.org/mailman/listinfo/systemd-devel
░░ 
░░ A start job for unit firewall.service has begun execution.
░░ 
░░ The job identifier is 40.
Jul 19 17:24:46 darkhorse systemd[1]: Starting Apply Kernel Variables...
░░ Subject: A start job for unit systemd-sysctl.service has begun execution
░░ Defined-By: systemd
░░ Support: https://lists.freedesktop.org/mailman/listinfo/systemd-devel
░░ 
░░ A start job for unit systemd-sysctl.service has begun execution.
░░ 
░░ The job identifier is 49.
Jul 19 17:24:46 darkhorse systemd-udevd[669]: Using default interface naming scheme 'v257'.
Jul 19 17:24:46 darkhorse systemd[1]: Starting Mount ZFS filesystems...
░░ Subject: A start job for unit zfs-mount.service has begun execution
░░ Defined-By: systemd
░░ Support: https://lists.freedesktop.org/mailman/listinfo/systemd-devel
░░ 
░░ A start job for unit zfs-mount.service has begun execution.
░░ 
░░ The job identifier is 108.
Jul 19 17:24:46 darkhorse systemd[1]: Finished Load/Save OS Random Seed.
░░ Subject: A start job for unit systemd-random-seed.service has finished successfully
░░ Defined-By: systemd
░░ Support: https://lists.freedesktop.org/mailman/listinfo/systemd-devel
░░ 
░░ A start job for unit systemd-random-seed.service has finished successfully.
░░ 
░░ The job identifier is 63.
Jul 19 17:24:46 darkhorse systemd[1]: First Boot Complete was skipped because of an unmet condition check (ConditionFirstBoot=yes).
░░ Subject: A start job for unit first-boot-complete.target has finished successfully
░░ Defined-By: systemd
░░ Support: https://lists.freedesktop.org/mailman/listinfo/systemd-devel
░░ 
░░ A start job for unit first-boot-complete.target has finished successfully.
░░ 
░░ The job identifier is 64.
Jul 19 17:24:46 darkhorse systemd[1]: Finished Coldplug All udev Devices.
░░ Subject: A start job for unit systemd-udev-trigger.service has finished successfully
░░ Defined-By: systemd
░░ Support: https://lists.freedesktop.org/mailman/listinfo/systemd-devel
░░ 
░░ A start job for unit systemd-udev-trigger.service has finished successfully.
░░ 
░░ The job identifier is 4.
Jul 19 17:24:46 darkhorse systemd[1]: Finished Apply Kernel Variables.
░░ Subject: A start job for unit systemd-sysctl.service has finished successfully
░░ Defined-By: systemd
░░ Support: https://lists.freedesktop.org/mailman/listinfo/systemd-devel
░░ 
░░ A start job for unit systemd-sysctl.service has finished successfully.
░░ 
░░ The job identifier is 49.
Jul 19 17:24:46 darkhorse systemd[1]: Finished Mount ZFS filesystems.
░░ Subject: A start job for unit zfs-mount.service has finished successfully
░░ Defined-By: systemd
░░ Support: https://lists.freedesktop.org/mailman/listinfo/systemd-devel
░░ 
░░ A start job for unit zfs-mount.service has finished successfully.
░░ 
░░ The job identifier is 108.
Jul 19 17:24:46 darkhorse systemd[1]: Started Rule-based Manager for Device Events and Files.
░░ Subject: A start job for unit systemd-udevd.service has finished successfully
░░ Defined-By: systemd
░░ Support: https://lists.freedesktop.org/mailman/listinfo/systemd-devel
░░ 
░░ A start job for unit systemd-udevd.service has finished successfully.
░░ 
░░ The job identifier is 7.
Jul 19 17:24:46 darkhorse systemd-timesyncd[678]: Disabling NSCD because DNSSEC validation is turned off
Jul 19 17:24:46 darkhorse systemd[1]: Started Network Time Synchronization.
░░ Subject: A start job for unit systemd-timesyncd.service has finished successfully
░░ Defined-By: systemd
░░ Support: https://lists.freedesktop.org/mailman/listinfo/systemd-devel
░░ 
░░ A start job for unit systemd-timesyncd.service has finished successfully.
░░ 
░░ The job identifier is 76.
Jul 19 17:24:46 darkhorse systemd[1]: Finished Flush Journal to Persistent Storage.
░░ Subject: A start job for unit systemd-journal-flush.service has finished successfully
░░ Defined-By: systemd
░░ Support: https://lists.freedesktop.org/mailman/listinfo/systemd-devel
░░ 
░░ A start job for unit systemd-journal-flush.service has finished successfully.
░░ 
░░ The job identifier is 71.
Jul 19 17:24:46 darkhorse kernel: usb 1-8: new full-speed USB device number 7 using xhci_hcd
Jul 19 17:24:46 darkhorse kernel: resource: resource sanity check: requesting [mem 0x00000000fdffe800-0x00000000fe0007ff], which spans more than pnp 00:06 [mem 0xfdb00000-0xfdffffff]
Jul 19 17:24:46 darkhorse kernel: caller get_primary_reg_base+0x51/0xb0 [intel_pmc_core] mapping multiple BARs
Jul 19 17:24:46 darkhorse kernel: intel_pmc_core INT33A1:00:  initialized
Jul 19 17:24:46 darkhorse systemd[1]: Found device Samsung_SSD_860_EVO_500GB BOOT.
░░ Subject: A start job for unit dev-disk-by\x2duuid-4D99\x2d14BA.device has finished successfully
░░ Defined-By: systemd
░░ Support: https://lists.freedesktop.org/mailman/listinfo/systemd-devel
░░ 
░░ A start job for unit dev-disk-by\x2duuid-4D99\x2d14BA.device has finished successfully.
░░ 
░░ The job identifier is 57.
Jul 19 17:24:46 darkhorse systemd[1]: Found device Samsung_SSD_860_EVO_500GB linswap.
░░ Subject: A start job for unit dev-disk-by\x2duuid-bdc7f0a0\x2ddaac\x2d4e73\x2dbc32\x2dda6a5fed075e.device has finished successfully
░░ Defined-By: systemd
░░ Support: https://lists.freedesktop.org/mailman/listinfo/systemd-devel
░░ 
░░ A start job for unit dev-disk-by\x2duuid-bdc7f0a0\x2ddaac\x2d4e73\x2dbc32\x2dda6a5fed075e.device has finished successfully.
░░ 
░░ The job identifier is 67.
Jul 19 17:24:46 darkhorse kernel: EDAC MC: Ver: 3.0.0
Jul 19 17:24:46 darkhorse kernel: mei_me 0000:00:16.0: enabling device (0004 -> 0006)
Jul 19 17:24:46 darkhorse kernel: EDAC ie31200: No ECC support
Jul 19 17:24:46 darkhorse kernel: EDAC ie31200: No ECC support
Jul 19 17:24:46 darkhorse kernel: pps_core: LinuxPPS API ver. 1 registered
Jul 19 17:24:46 darkhorse kernel: pps_core: Software ver. 5.3.6 - Copyright 2005-2007 Rodolfo Giometti <giometti@linux.it>
Jul 19 17:24:46 darkhorse kernel: i801_smbus 0000:00:1f.4: SPD Write Disable is set
Jul 19 17:24:46 darkhorse kernel: i801_smbus 0000:00:1f.4: SMBus using PCI interrupt
Jul 19 17:24:46 darkhorse kernel: i2c i2c-0: Successfully instantiated SPD at 0x50
Jul 19 17:24:46 darkhorse kernel: i2c i2c-0: Successfully instantiated SPD at 0x52
Jul 19 17:24:46 darkhorse kernel: usbcore: registered new interface driver snd-usb-audio
Jul 19 17:24:46 darkhorse kernel: rtc_cmos rtc_cmos: RTC can wake from S4
Jul 19 17:24:47 darkhorse kernel: rtc_cmos rtc_cmos: registered as rtc0
Jul 19 17:24:47 darkhorse kernel: rtc_cmos rtc_cmos: setting system clock to 2025-07-19T14:24:47 UTC (1752935087)
Jul 19 17:24:47 darkhorse kernel: rtc_cmos rtc_cmos: alarms up to one month, y3k, 114 bytes nvram
Jul 19 17:24:47 darkhorse kernel: RAPL PMU: API unit is 2^-32 Joules, 2 fixed counters, 655360 ms ovfl timer
Jul 19 17:24:47 darkhorse kernel: RAPL PMU: hw unit of domain pp0-core 2^-14 Joules
Jul 19 17:24:47 darkhorse kernel: RAPL PMU: hw unit of domain package 2^-14 Joules
Jul 19 17:24:47 darkhorse kernel: PTP clock support registered
Jul 19 17:24:47 darkhorse kernel: cryptd: max_cpu_qlen set to 1000
Jul 19 17:24:47 darkhorse systemd[1]: Finished Firewall.
░░ Subject: A start job for unit firewall.service has finished successfully
░░ Defined-By: systemd
░░ Support: https://lists.freedesktop.org/mailman/listinfo/systemd-devel
░░ 
░░ A start job for unit firewall.service has finished successfully.
░░ 
░░ The job identifier is 40.
Jul 19 17:24:47 darkhorse systemd[1]: Activating swap /dev/disk/by-uuid/bdc7f0a0-daac-4e73-bc32-da6a5fed075e...
░░ Subject: A start job for unit dev-disk-by\x2duuid-bdc7f0a0\x2ddaac\x2d4e73\x2dbc32\x2dda6a5fed075e.swap has begun execution
░░ Defined-By: systemd
░░ Support: https://lists.freedesktop.org/mailman/listinfo/systemd-devel
░░ 
░░ A start job for unit dev-disk-by\x2duuid-bdc7f0a0\x2ddaac\x2d4e73\x2dbc32\x2dda6a5fed075e.swap has begun execution.
░░ 
░░ The job identifier is 66.
Jul 19 17:24:47 darkhorse systemd[1]: Starting File System Check on /dev/disk/by-uuid/4D99-14BA...
░░ Subject: A start job for unit systemd-fsck@dev-disk-by\x2duuid-4D99\x2d14BA.service has begun execution
░░ Defined-By: systemd
░░ Support: https://lists.freedesktop.org/mailman/listinfo/systemd-devel
░░ 
░░ A start job for unit systemd-fsck@dev-disk-by\x2duuid-4D99\x2d14BA.service has begun execution.
░░ 
░░ The job identifier is 58.
Jul 19 17:24:47 darkhorse kernel: AES CTR mode by8 optimization enabled
Jul 19 17:24:47 darkhorse kernel: e1000e: Intel(R) PRO/1000 Network Driver
Jul 19 17:24:47 darkhorse kernel: e1000e: Copyright(c) 1999 - 2015 Intel Corporation.
Jul 19 17:24:47 darkhorse kernel: e1000e 0000:00:1f.6: Interrupt Throttling Rate (ints/sec) set to dynamic conservative mode
Jul 19 17:24:47 darkhorse kernel: Adding 33554428k swap on /dev/sda7.  Priority:-2 extents:1 across:33554428k SS
Jul 19 17:24:47 darkhorse kernel: snd_hda_intel 0000:01:00.1: Disabling MSI
Jul 19 17:24:47 darkhorse kernel: snd_hda_intel 0000:01:00.1: Handle vga_switcheroo audio client
Jul 19 17:24:47 darkhorse kernel: usb 1-8: New USB device found, idVendor=0951, idProduct=16ed, bcdDevice=41.08
Jul 19 17:24:47 darkhorse kernel: usb 1-8: New USB device strings: Mfr=1, Product=2, SerialNumber=3
Jul 19 17:24:47 darkhorse kernel: usb 1-8: Product: HyperX Cloud Alpha S
Jul 19 17:24:47 darkhorse kernel: usb 1-8: Manufacturer: Kingston
Jul 19 17:24:47 darkhorse kernel: usb 1-8: SerialNumber: 000000000001
Jul 19 17:24:47 darkhorse systemd[1]: Activated swap /dev/disk/by-uuid/bdc7f0a0-daac-4e73-bc32-da6a5fed075e.
░░ Subject: A start job for unit dev-disk-by\x2duuid-bdc7f0a0\x2ddaac\x2d4e73\x2dbc32\x2dda6a5fed075e.swap has finished successfully
░░ Defined-By: systemd
░░ Support: https://lists.freedesktop.org/mailman/listinfo/systemd-devel
░░ 
░░ A start job for unit dev-disk-by\x2duuid-bdc7f0a0\x2ddaac\x2d4e73\x2dbc32\x2dda6a5fed075e.swap has finished successfully.
░░ 
░░ The job identifier is 66.
Jul 19 17:24:47 darkhorse systemd[1]: Reached target Swaps.
░░ Subject: A start job for unit swap.target has finished successfully
░░ Defined-By: systemd
░░ Support: https://lists.freedesktop.org/mailman/listinfo/systemd-devel
░░ 
░░ A start job for unit swap.target has finished successfully.
░░ 
░░ The job identifier is 65.
Jul 19 17:24:47 darkhorse systemd-fsck[849]: fsck.fat 4.2 (2021-01-31)
Jul 19 17:24:47 darkhorse systemd-fsck[849]: /dev/sda5: 25 files, 31349/261627 clusters
Jul 19 17:24:47 darkhorse kernel: snd_hda_codec_realtek hdaudioC2D0: autoconfig for ALC892: line_outs=4 (0x14/0x15/0x16/0x17/0x0) type:line
Jul 19 17:24:47 darkhorse kernel: snd_hda_codec_realtek hdaudioC2D0:    speaker_outs=0 (0x0/0x0/0x0/0x0/0x0)
Jul 19 17:24:47 darkhorse kernel: snd_hda_codec_realtek hdaudioC2D0:    hp_outs=1 (0x1b/0x0/0x0/0x0/0x0)
Jul 19 17:24:47 darkhorse kernel: snd_hda_codec_realtek hdaudioC2D0:    mono: mono_out=0x0
Jul 19 17:24:47 darkhorse kernel: snd_hda_codec_realtek hdaudioC2D0:    dig-out=0x11/0x0
Jul 19 17:24:47 darkhorse kernel: snd_hda_codec_realtek hdaudioC2D0:    inputs:
Jul 19 17:24:47 darkhorse kernel: snd_hda_codec_realtek hdaudioC2D0:      Rear Mic=0x18
Jul 19 17:24:47 darkhorse kernel: snd_hda_codec_realtek hdaudioC2D0:      Front Mic=0x19
Jul 19 17:24:47 darkhorse kernel: snd_hda_codec_realtek hdaudioC2D0:      Line=0x1a
Jul 19 17:24:47 darkhorse kernel: input: HDA NVidia HDMI/DP,pcm=3 as /devices/pci0000:00/0000:00:01.0/0000:01:00.1/sound/card3/input13
Jul 19 17:24:47 darkhorse kernel: input: HDA NVidia HDMI/DP,pcm=7 as /devices/pci0000:00/0000:00:01.0/0000:01:00.1/sound/card3/input14
Jul 19 17:24:47 darkhorse kernel: input: HDA NVidia HDMI/DP,pcm=8 as /devices/pci0000:00/0000:00:01.0/0000:01:00.1/sound/card3/input15
Jul 19 17:24:47 darkhorse kernel: input: HDA NVidia HDMI/DP,pcm=9 as /devices/pci0000:00/0000:00:01.0/0000:01:00.1/sound/card3/input16
Jul 19 17:24:47 darkhorse systemd[1]: Starting Virtual Console Setup...
░░ Subject: A start job for unit systemd-vconsole-setup.service has begun execution
░░ Defined-By: systemd
░░ Support: https://lists.freedesktop.org/mailman/listinfo/systemd-devel
░░ 
░░ A start job for unit systemd-vconsole-setup.service has begun execution.
░░ 
░░ The job identifier is 123.
Jul 19 17:24:47 darkhorse kernel: usb 1-8: Warning! Unlikely big volume range (=18944), cval->res is probably wrong.
Jul 19 17:24:47 darkhorse kernel: usb 1-8: [6] FU [Mic Capture Volume] ch = 1, val = -18944/0/1
Jul 19 17:24:47 darkhorse systemd[1]: Finished File System Check on /dev/disk/by-uuid/4D99-14BA.
░░ Subject: A start job for unit systemd-fsck@dev-disk-by\x2duuid-4D99\x2d14BA.service has finished successfully
░░ Defined-By: systemd
░░ Support: https://lists.freedesktop.org/mailman/listinfo/systemd-devel
░░ 
░░ A start job for unit systemd-fsck@dev-disk-by\x2duuid-4D99\x2d14BA.service has finished successfully.
░░ 
░░ The job identifier is 58.
Jul 19 17:24:47 darkhorse kernel: input: HDA Intel PCH Rear Mic as /devices/pci0000:00/0000:00:1f.3/sound/card2/input17
Jul 19 17:24:47 darkhorse kernel: input: HDA Intel PCH Front Mic as /devices/pci0000:00/0000:00:1f.3/sound/card2/input18
Jul 19 17:24:47 darkhorse kernel: input: HDA Intel PCH Line as /devices/pci0000:00/0000:00:1f.3/sound/card2/input19
Jul 19 17:24:47 darkhorse kernel: input: HDA Intel PCH Line Out Front as /devices/pci0000:00/0000:00:1f.3/sound/card2/input20
Jul 19 17:24:47 darkhorse kernel: input: HDA Intel PCH Line Out Surround as /devices/pci0000:00/0000:00:1f.3/sound/card2/input21
Jul 19 17:24:47 darkhorse kernel: input: HDA Intel PCH Line Out CLFE as /devices/pci0000:00/0000:00:1f.3/sound/card2/input22
Jul 19 17:24:47 darkhorse kernel: input: HDA Intel PCH Line Out Side as /devices/pci0000:00/0000:00:1f.3/sound/card2/input23
Jul 19 17:24:47 darkhorse kernel: input: HDA Intel PCH Front Headphone as /devices/pci0000:00/0000:00:1f.3/sound/card2/input24
Jul 19 17:24:47 darkhorse systemd[1]: Found device /dev/tpmrm0.
░░ Subject: A start job for unit dev-tpmrm0.device has finished successfully
░░ Defined-By: systemd
░░ Support: https://lists.freedesktop.org/mailman/listinfo/systemd-devel
░░ 
░░ A start job for unit dev-tpmrm0.device has finished successfully.
░░ 
░░ The job identifier is 46.
Jul 19 17:24:47 darkhorse systemd[1]: Reached target Trusted Platform Module.
░░ Subject: A start job for unit tpm2.target has finished successfully
░░ Defined-By: systemd
░░ Support: https://lists.freedesktop.org/mailman/listinfo/systemd-devel
░░ 
░░ A start job for unit tpm2.target has finished successfully.
░░ 
░░ The job identifier is 45.
Jul 19 17:24:47 darkhorse systemd[1]: Make TPM PCR Policy was skipped because of an unmet condition check (ConditionSecurity=measured-uki).
░░ Subject: A start job for unit systemd-pcrlock.socket has finished successfully
░░ Defined-By: systemd
░░ Support: https://lists.freedesktop.org/mailman/listinfo/systemd-devel
░░ 
░░ A start job for unit systemd-pcrlock.socket has finished successfully.
░░ 
░░ The job identifier is 81.
Jul 19 17:24:47 darkhorse systemd[1]: Early TPM SRK Setup was skipped because of an unmet condition check (ConditionSecurity=measured-uki).
░░ Subject: A start job for unit systemd-tpm2-setup-early.service has finished successfully
░░ Defined-By: systemd
░░ Support: https://lists.freedesktop.org/mailman/listinfo/systemd-devel
░░ 
░░ A start job for unit systemd-tpm2-setup-early.service has finished successfully.
░░ 
░░ The job identifier is 35.
Jul 19 17:24:47 darkhorse systemd[1]: TPM SRK Setup was skipped because of an unmet condition check (ConditionSecurity=measured-uki).
░░ Subject: A start job for unit systemd-tpm2-setup.service has finished successfully
░░ Defined-By: systemd
░░ Support: https://lists.freedesktop.org/mailman/listinfo/systemd-devel
░░ 
░░ A start job for unit systemd-tpm2-setup.service has finished successfully.
░░ 
░░ The job identifier is 23.
Jul 19 17:24:47 darkhorse kernel: input: Kingston HyperX Cloud Alpha S Consumer Control as /devices/pci0000:00/0000:00:14.0/usb1/1-8/1-8:1.5/0003:0951:16ED.0008/input/input25
Jul 19 17:24:47 darkhorse systemd[1]: Finished Virtual Console Setup.
░░ Subject: A start job for unit systemd-vconsole-setup.service has finished successfully
░░ Defined-By: systemd
░░ Support: https://lists.freedesktop.org/mailman/listinfo/systemd-devel
░░ 
░░ A start job for unit systemd-vconsole-setup.service has finished successfully.
░░ 
░░ The job identifier is 123.
Jul 19 17:24:47 darkhorse kernel: ee1004 0-0050: 512 byte EE1004-compliant SPD EEPROM, read-only
Jul 19 17:24:47 darkhorse kernel: ee1004 0-0052: 512 byte EE1004-compliant SPD EEPROM, read-only
Jul 19 17:24:47 darkhorse kernel: iTCO_wdt iTCO_wdt: Found a Intel PCH TCO device (Version=4, TCOBASE=0x0400)
Jul 19 17:24:47 darkhorse kernel: iTCO_wdt iTCO_wdt: initialized. heartbeat=30 sec (nowayout=0)
Jul 19 17:24:47 darkhorse systemd[1]: Reached target Sound Card.
░░ Subject: A start job for unit sound.target has finished successfully
░░ Defined-By: systemd
░░ Support: https://lists.freedesktop.org/mailman/listinfo/systemd-devel
░░ 
░░ A start job for unit sound.target has finished successfully.
░░ 
░░ The job identifier is 141.
Jul 19 17:24:47 darkhorse kernel: input: Kingston HyperX Cloud Alpha S as /devices/pci0000:00/0000:00:14.0/usb1/1-8/1-8:1.5/0003:0951:16ED.0008/input/input26
Jul 19 17:24:47 darkhorse kernel: hid-generic 0003:0951:16ED.0008: input,hiddev100,hidraw7: USB HID v1.11 Device [Kingston HyperX Cloud Alpha S] on usb-0000:00:14.0-8/input5
Jul 19 17:24:47 darkhorse kernel: e1000e 0000:00:1f.6 0000:00:1f.6 (uninitialized): registered PHC clock
Jul 19 17:24:47 darkhorse kernel: e1000e 0000:00:1f.6 eth0: (PCI Express:2.5GT/s:Width x1) b4:2e:99:25:63:aa
Jul 19 17:24:47 darkhorse kernel: e1000e 0000:00:1f.6 eth0: Intel(R) PRO/1000 Network Connection
Jul 19 17:24:47 darkhorse kernel: e1000e 0000:00:1f.6 eth0: MAC: 12, PHY: 12, PBA No: FFFFFF-0FF
Jul 19 17:24:47 darkhorse kernel: usbcore: registered new device driver apple-mfi-fastcharge
Jul 19 17:24:47 darkhorse kernel: mousedev: PS/2 mouse device common for all mice
Jul 19 17:24:48 darkhorse kernel: nouveau 0000:01:00.0: NVIDIA TU106 (166000a1)
Jul 19 17:24:48 darkhorse kernel: intel_tcc_cooling: Programmable TCC Offset detected
Jul 19 17:24:48 darkhorse kernel: e1000e 0000:00:1f.6 eno1: renamed from eth0
Jul 19 17:24:48 darkhorse kernel: intel_rapl_common: Found RAPL domain package
Jul 19 17:24:48 darkhorse kernel: intel_rapl_common: Found RAPL domain core
Jul 19 17:24:48 darkhorse systemd[1]: Mounting /boot...
░░ Subject: A start job for unit boot.mount has begun execution
░░ Defined-By: systemd
░░ Support: https://lists.freedesktop.org/mailman/listinfo/systemd-devel
░░ 
░░ A start job for unit boot.mount has begun execution.
░░ 
░░ The job identifier is 56.
Jul 19 17:24:48 darkhorse systemd[1]: home.mount: Directory /home to mount over is not empty, mounting anyway.
░░ Subject: Mount point is not empty
░░ Defined-By: systemd
░░ Support: https://lists.freedesktop.org/mailman/listinfo/systemd-devel
░░ 
░░ The directory /home is specified as the mount point (second field in
░░ /etc/fstab or Where= field in systemd unit file) and is not empty.
░░ This does not interfere with mounting, but the pre-exisiting files in
░░ this directory become inaccessible. To see those over-mounted files,
░░ please manually mount the underlying file system to a secondary
░░ location.
Jul 19 17:24:48 darkhorse systemd[1]: Mounting /home...
░░ Subject: A start job for unit home.mount has begun execution
░░ Defined-By: systemd
░░ Support: https://lists.freedesktop.org/mailman/listinfo/systemd-devel
░░ 
░░ A start job for unit home.mount has begun execution.
░░ 
░░ The job identifier is 60.
Jul 19 17:24:48 darkhorse systemd[1]: Mounting /run/wrappers...
░░ Subject: A start job for unit run-wrappers.mount has begun execution
░░ Defined-By: systemd
░░ Support: https://lists.freedesktop.org/mailman/listinfo/systemd-devel
░░ 
░░ A start job for unit run-wrappers.mount has begun execution.
░░ 
░░ The job identifier is 37.
Jul 19 17:24:48 darkhorse systemd[1]: Mounted /run/wrappers.
░░ Subject: A start job for unit run-wrappers.mount has finished successfully
░░ Defined-By: systemd
░░ Support: https://lists.freedesktop.org/mailman/listinfo/systemd-devel
░░ 
░░ A start job for unit run-wrappers.mount has finished successfully.
░░ 
░░ The job identifier is 37.
Jul 19 17:24:48 darkhorse systemd[1]: Starting Create SUID/SGID Wrappers...
░░ Subject: A start job for unit suid-sgid-wrappers.service has begun execution
░░ Defined-By: systemd
░░ Support: https://lists.freedesktop.org/mailman/listinfo/systemd-devel
░░ 
░░ A start job for unit suid-sgid-wrappers.service has begun execution.
░░ 
░░ The job identifier is 36.
Jul 19 17:24:48 darkhorse systemd[1]: Mounted /home.
░░ Subject: A start job for unit home.mount has finished successfully
░░ Defined-By: systemd
░░ Support: https://lists.freedesktop.org/mailman/listinfo/systemd-devel
░░ 
░░ A start job for unit home.mount has finished successfully.
░░ 
░░ The job identifier is 60.
Jul 19 17:24:48 darkhorse systemd[1]: Mounted /boot.
░░ Subject: A start job for unit boot.mount has finished successfully
░░ Defined-By: systemd
░░ Support: https://lists.freedesktop.org/mailman/listinfo/systemd-devel
░░ 
░░ A start job for unit boot.mount has finished successfully.
░░ 
░░ The job identifier is 56.
Jul 19 17:24:48 darkhorse systemd[1]: Reached target Local File Systems.
░░ Subject: A start job for unit local-fs.target has finished successfully
░░ Defined-By: systemd
░░ Support: https://lists.freedesktop.org/mailman/listinfo/systemd-devel
░░ 
░░ A start job for unit local-fs.target has finished successfully.
░░ 
░░ The job identifier is 55.
Jul 19 17:24:48 darkhorse systemd-timesyncd[678]: Network configuration changed, trying to establish connection.
Jul 19 17:24:48 darkhorse systemd[1]: Listening on Boot Entries Service Socket.
░░ Subject: A start job for unit systemd-bootctl.socket has finished successfully
░░ Defined-By: systemd
░░ Support: https://lists.freedesktop.org/mailman/listinfo/systemd-devel
░░ 
░░ A start job for unit systemd-bootctl.socket has finished successfully.
░░ 
░░ The job identifier is 83.
Jul 19 17:24:48 darkhorse systemd[1]: Update Boot Loader Random Seed was skipped because no trigger condition checks were met.
░░ Subject: A start job for unit systemd-boot-random-seed.service has finished successfully
░░ Defined-By: systemd
░░ Support: https://lists.freedesktop.org/mailman/listinfo/systemd-devel
░░ 
░░ A start job for unit systemd-boot-random-seed.service has finished successfully.
░░ 
░░ The job identifier is 78.
Jul 19 17:24:48 darkhorse systemd[1]: Save Transient machine-id to Disk was skipped because of an unmet condition check (ConditionPathIsMountPoint=/etc/machine-id).
░░ Subject: A start job for unit systemd-machine-id-commit.service has finished successfully
░░ Defined-By: systemd
░░ Support: https://lists.freedesktop.org/mailman/listinfo/systemd-devel
░░ 
░░ A start job for unit systemd-machine-id-commit.service has finished successfully.
░░ 
░░ The job identifier is 48.
Jul 19 17:24:48 darkhorse systemd[1]: Starting Create System Files and Directories...
░░ Subject: A start job for unit systemd-tmpfiles-setup.service has begun execution
░░ Defined-By: systemd
░░ Support: https://lists.freedesktop.org/mailman/listinfo/systemd-devel
░░ 
░░ A start job for unit systemd-tmpfiles-setup.service has begun execution.
░░ 
░░ The job identifier is 77.
Jul 19 17:24:48 darkhorse systemd-timesyncd[678]: Network configuration changed, trying to establish connection.
Jul 19 17:24:48 darkhorse systemd-timesyncd[678]: Network configuration changed, trying to establish connection.
Jul 19 17:24:48 darkhorse systemd-timesyncd[678]: Network configuration changed, trying to establish connection.
Jul 19 17:24:48 darkhorse systemd[1]: Finished Create System Files and Directories.
░░ Subject: A start job for unit systemd-tmpfiles-setup.service has finished successfully
░░ Defined-By: systemd
░░ Support: https://lists.freedesktop.org/mailman/listinfo/systemd-devel
░░ 
░░ A start job for unit systemd-tmpfiles-setup.service has finished successfully.
░░ 
░░ The job identifier is 77.
Jul 19 17:24:48 darkhorse systemd[1]: Rebuild Journal Catalog was skipped because of an unmet condition check (ConditionNeedsUpdate=/var).
░░ Subject: A start job for unit systemd-journal-catalog-update.service has finished successfully
░░ Defined-By: systemd
░░ Support: https://lists.freedesktop.org/mailman/listinfo/systemd-devel
░░ 
░░ A start job for unit systemd-journal-catalog-update.service has finished successfully.
░░ 
░░ The job identifier is 75.
Jul 19 17:24:48 darkhorse systemd[1]: Update is Completed was skipped because no trigger condition checks were met.
░░ Subject: A start job for unit systemd-update-done.service has finished successfully
░░ Defined-By: systemd
░░ Support: https://lists.freedesktop.org/mailman/listinfo/systemd-devel
░░ 
░░ A start job for unit systemd-update-done.service has finished successfully.
░░ 
░░ The job identifier is 43.
Jul 19 17:24:48 darkhorse systemd[1]: Starting Record System Boot/Shutdown in UTMP...
░░ Subject: A start job for unit systemd-update-utmp.service has begun execution
░░ Defined-By: systemd
░░ Support: https://lists.freedesktop.org/mailman/listinfo/systemd-devel
░░ 
░░ A start job for unit systemd-update-utmp.service has begun execution.
░░ 
░░ The job identifier is 52.
Jul 19 17:24:48 darkhorse kernel: nouveau 0000:01:00.0: bios: version 90.06.44.00.af
Jul 19 17:24:48 darkhorse systemd[1]: Finished Record System Boot/Shutdown in UTMP.
░░ Subject: A start job for unit systemd-update-utmp.service has finished successfully
░░ Defined-By: systemd
░░ Support: https://lists.freedesktop.org/mailman/listinfo/systemd-devel
░░ 
░░ A start job for unit systemd-update-utmp.service has finished successfully.
░░ 
░░ The job identifier is 52.
Jul 19 17:24:48 darkhorse kernel: Console: switching to colour dummy device 80x25
Jul 19 17:24:48 darkhorse kernel: nouveau 0000:01:00.0: vgaarb: deactivate vga console
Jul 19 17:24:48 darkhorse systemd[1]: suid-sgid-wrappers.service: Deactivated successfully.
░░ Subject: Unit succeeded
░░ Defined-By: systemd
░░ Support: https://lists.freedesktop.org/mailman/listinfo/systemd-devel
░░ 
░░ The unit suid-sgid-wrappers.service has successfully entered the 'dead' state.
Jul 19 17:24:48 darkhorse systemd[1]: Finished Create SUID/SGID Wrappers.
░░ Subject: A start job for unit suid-sgid-wrappers.service has finished successfully
░░ Defined-By: systemd
░░ Support: https://lists.freedesktop.org/mailman/listinfo/systemd-devel
░░ 
░░ A start job for unit suid-sgid-wrappers.service has finished successfully.
░░ 
░░ The job identifier is 36.
Jul 19 17:24:48 darkhorse systemd[1]: Reached target System Initialization.
░░ Subject: A start job for unit sysinit.target has finished successfully
░░ Defined-By: systemd
░░ Support: https://lists.freedesktop.org/mailman/listinfo/systemd-devel
░░ 
░░ A start job for unit sysinit.target has finished successfully.
░░ 
░░ The job identifier is 3.
Jul 19 17:24:48 darkhorse systemd[1]: Started Discard unused filesystem blocks once a week.
░░ Subject: A start job for unit fstrim.timer has finished successfully
░░ Defined-By: systemd
░░ Support: https://lists.freedesktop.org/mailman/listinfo/systemd-devel
░░ 
░░ A start job for unit fstrim.timer has finished successfully.
░░ 
░░ The job identifier is 88.
Jul 19 17:24:48 darkhorse systemd[1]: Started logrotate.timer.
░░ Subject: A start job for unit logrotate.timer has finished successfully
░░ Defined-By: systemd
░░ Support: https://lists.freedesktop.org/mailman/listinfo/systemd-devel
░░ 
░░ A start job for unit logrotate.timer has finished successfully.
░░ 
░░ The job identifier is 90.
Jul 19 17:24:48 darkhorse systemd[1]: Started Daily Cleanup of Temporary Directories.
░░ Subject: A start job for unit systemd-tmpfiles-clean.timer has finished successfully
░░ Defined-By: systemd
░░ Support: https://lists.freedesktop.org/mailman/listinfo/systemd-devel
░░ 
░░ A start job for unit systemd-tmpfiles-clean.timer has finished successfully.
░░ 
░░ The job identifier is 89.
Jul 19 17:24:48 darkhorse systemd[1]: Started zpool-trim.timer.
░░ Subject: A start job for unit zpool-trim.timer has finished successfully
░░ Defined-By: systemd
░░ Support: https://lists.freedesktop.org/mailman/listinfo/systemd-devel
░░ 
░░ A start job for unit zpool-trim.timer has finished successfully.
░░ 
░░ The job identifier is 87.
Jul 19 17:24:48 darkhorse systemd[1]: Reached target Timer Units.
░░ Subject: A start job for unit timers.target has finished successfully
░░ Defined-By: systemd
░░ Support: https://lists.freedesktop.org/mailman/listinfo/systemd-devel
░░ 
░░ A start job for unit timers.target has finished successfully.
░░ 
░░ The job identifier is 86.
Jul 19 17:24:48 darkhorse systemd[1]: Listening on D-Bus System Message Bus Socket.
░░ Subject: A start job for unit dbus.socket has finished successfully
░░ Defined-By: systemd
░░ Support: https://lists.freedesktop.org/mailman/listinfo/systemd-devel
░░ 
░░ A start job for unit dbus.socket has finished successfully.
░░ 
░░ The job identifier is 122.
Jul 19 17:24:48 darkhorse systemd[1]: Listening on Nix Daemon Socket.
░░ Subject: A start job for unit nix-daemon.socket has finished successfully
░░ Defined-By: systemd
░░ Support: https://lists.freedesktop.org/mailman/listinfo/systemd-devel
░░ 
░░ A start job for unit nix-daemon.socket has finished successfully.
░░ 
░░ The job identifier is 80.
Jul 19 17:24:48 darkhorse systemd[1]: Listening on Hostname Service Socket.
░░ Subject: A start job for unit systemd-hostnamed.socket has finished successfully
░░ Defined-By: systemd
░░ Support: https://lists.freedesktop.org/mailman/listinfo/systemd-devel
░░ 
░░ A start job for unit systemd-hostnamed.socket has finished successfully.
░░ 
░░ The job identifier is 84.
Jul 19 17:24:48 darkhorse systemd-timesyncd[678]: Network configuration changed, trying to establish connection.
Jul 19 17:24:48 darkhorse systemd[1]: Reached target Socket Units.
░░ Subject: A start job for unit sockets.target has finished successfully
░░ Defined-By: systemd
░░ Support: https://lists.freedesktop.org/mailman/listinfo/systemd-devel
░░ 
░░ A start job for unit sockets.target has finished successfully.
░░ 
░░ The job identifier is 79.
Jul 19 17:24:48 darkhorse systemd[1]: Reached target Basic System.
░░ Subject: A start job for unit basic.target has finished successfully
░░ Defined-By: systemd
░░ Support: https://lists.freedesktop.org/mailman/listinfo/systemd-devel
░░ 
░░ A start job for unit basic.target has finished successfully.
░░ 
░░ The job identifier is 2.
Jul 19 17:24:48 darkhorse systemd[1]: Starting Kernel Auditing...
░░ Subject: A start job for unit audit.service has begun execution
░░ Defined-By: systemd
░░ Support: https://lists.freedesktop.org/mailman/listinfo/systemd-devel
░░ 
░░ A start job for unit audit.service has begun execution.
░░ 
░░ The job identifier is 92.
Jul 19 17:24:48 darkhorse systemd[1]: Starting Logrotate configuration check...
░░ Subject: A start job for unit logrotate-checkconf.service has begun execution
░░ Defined-By: systemd
░░ Support: https://lists.freedesktop.org/mailman/listinfo/systemd-devel
░░ 
░░ A start job for unit logrotate-checkconf.service has begun execution.
░░ 
░░ The job identifier is 115.
Jul 19 17:24:48 darkhorse systemd[1]: Starting Name Service Cache Daemon (nsncd)...
